Archive member included to satisfy reference by file (symbol)

/Applications/STM32CubeIDE.app/Contents/Eclipse/plugins/com.st.stm32cube.ide.mcu.externaltools.gnu-tools-for-stm32.9-2020-q2-update.macos64_1.5.0.202011040924/tools/bin/../lib/gcc/arm-none-eabi/9.3.1/../../../../arm-none-eabi/lib/thumb/v7e-m+fp/hard/libc_nano.a(lib_a-errno.o)
                              Core/Src/syscalls.o (__errno)
/Applications/STM32CubeIDE.app/Contents/Eclipse/plugins/com.st.stm32cube.ide.mcu.externaltools.gnu-tools-for-stm32.9-2020-q2-update.macos64_1.5.0.202011040924/tools/bin/../lib/gcc/arm-none-eabi/9.3.1/../../../../arm-none-eabi/lib/thumb/v7e-m+fp/hard/libc_nano.a(lib_a-exit.o)
                              /Applications/STM32CubeIDE.app/Contents/Eclipse/plugins/com.st.stm32cube.ide.mcu.externaltools.gnu-tools-for-stm32.9-2020-q2-update.macos64_1.5.0.202011040924/tools/bin/../lib/gcc/arm-none-eabi/9.3.1/../../../../arm-none-eabi/lib/thumb/v7e-m+fp/hard/crt0.o (exit)
/Applications/STM32CubeIDE.app/Contents/Eclipse/plugins/com.st.stm32cube.ide.mcu.externaltools.gnu-tools-for-stm32.9-2020-q2-update.macos64_1.5.0.202011040924/tools/bin/../lib/gcc/arm-none-eabi/9.3.1/../../../../arm-none-eabi/lib/thumb/v7e-m+fp/hard/libc_nano.a(lib_a-impure.o)
                              /Applications/STM32CubeIDE.app/Contents/Eclipse/plugins/com.st.stm32cube.ide.mcu.externaltools.gnu-tools-for-stm32.9-2020-q2-update.macos64_1.5.0.202011040924/tools/bin/../lib/gcc/arm-none-eabi/9.3.1/../../../../arm-none-eabi/lib/thumb/v7e-m+fp/hard/libc_nano.a(lib_a-exit.o) (_global_impure_ptr)
/Applications/STM32CubeIDE.app/Contents/Eclipse/plugins/com.st.stm32cube.ide.mcu.externaltools.gnu-tools-for-stm32.9-2020-q2-update.macos64_1.5.0.202011040924/tools/bin/../lib/gcc/arm-none-eabi/9.3.1/../../../../arm-none-eabi/lib/thumb/v7e-m+fp/hard/libc_nano.a(lib_a-init.o)
                              /Applications/STM32CubeIDE.app/Contents/Eclipse/plugins/com.st.stm32cube.ide.mcu.externaltools.gnu-tools-for-stm32.9-2020-q2-update.macos64_1.5.0.202011040924/tools/bin/../lib/gcc/arm-none-eabi/9.3.1/../../../../arm-none-eabi/lib/thumb/v7e-m+fp/hard/crt0.o (__libc_init_array)
/Applications/STM32CubeIDE.app/Contents/Eclipse/plugins/com.st.stm32cube.ide.mcu.externaltools.gnu-tools-for-stm32.9-2020-q2-update.macos64_1.5.0.202011040924/tools/bin/../lib/gcc/arm-none-eabi/9.3.1/../../../../arm-none-eabi/lib/thumb/v7e-m+fp/hard/libc_nano.a(lib_a-malloc.o)
                              Middlewares/ST/STM32_USB_Host_Library/Class/CDC/Src/usbh_cdc.o (malloc)
/Applications/STM32CubeIDE.app/Contents/Eclipse/plugins/com.st.stm32cube.ide.mcu.externaltools.gnu-tools-for-stm32.9-2020-q2-update.macos64_1.5.0.202011040924/tools/bin/../lib/gcc/arm-none-eabi/9.3.1/../../../../arm-none-eabi/lib/thumb/v7e-m+fp/hard/libc_nano.a(lib_a-memset.o)
                              /Applications/STM32CubeIDE.app/Contents/Eclipse/plugins/com.st.stm32cube.ide.mcu.externaltools.gnu-tools-for-stm32.9-2020-q2-update.macos64_1.5.0.202011040924/tools/bin/../lib/gcc/arm-none-eabi/9.3.1/../../../../arm-none-eabi/lib/thumb/v7e-m+fp/hard/crt0.o (memset)
/Applications/STM32CubeIDE.app/Contents/Eclipse/plugins/com.st.stm32cube.ide.mcu.externaltools.gnu-tools-for-stm32.9-2020-q2-update.macos64_1.5.0.202011040924/tools/bin/../lib/gcc/arm-none-eabi/9.3.1/../../../../arm-none-eabi/lib/thumb/v7e-m+fp/hard/libc_nano.a(lib_a-nano-freer.o)
                              /Applications/STM32CubeIDE.app/Contents/Eclipse/plugins/com.st.stm32cube.ide.mcu.externaltools.gnu-tools-for-stm32.9-2020-q2-update.macos64_1.5.0.202011040924/tools/bin/../lib/gcc/arm-none-eabi/9.3.1/../../../../arm-none-eabi/lib/thumb/v7e-m+fp/hard/libc_nano.a(lib_a-malloc.o) (_free_r)
/Applications/STM32CubeIDE.app/Contents/Eclipse/plugins/com.st.stm32cube.ide.mcu.externaltools.gnu-tools-for-stm32.9-2020-q2-update.macos64_1.5.0.202011040924/tools/bin/../lib/gcc/arm-none-eabi/9.3.1/../../../../arm-none-eabi/lib/thumb/v7e-m+fp/hard/libc_nano.a(lib_a-nano-mallocr.o)
                              /Applications/STM32CubeIDE.app/Contents/Eclipse/plugins/com.st.stm32cube.ide.mcu.externaltools.gnu-tools-for-stm32.9-2020-q2-update.macos64_1.5.0.202011040924/tools/bin/../lib/gcc/arm-none-eabi/9.3.1/../../../../arm-none-eabi/lib/thumb/v7e-m+fp/hard/libc_nano.a(lib_a-malloc.o) (_malloc_r)
/Applications/STM32CubeIDE.app/Contents/Eclipse/plugins/com.st.stm32cube.ide.mcu.externaltools.gnu-tools-for-stm32.9-2020-q2-update.macos64_1.5.0.202011040924/tools/bin/../lib/gcc/arm-none-eabi/9.3.1/../../../../arm-none-eabi/lib/thumb/v7e-m+fp/hard/libc_nano.a(lib_a-sbrkr.o)
                              /Applications/STM32CubeIDE.app/Contents/Eclipse/plugins/com.st.stm32cube.ide.mcu.externaltools.gnu-tools-for-stm32.9-2020-q2-update.macos64_1.5.0.202011040924/tools/bin/../lib/gcc/arm-none-eabi/9.3.1/../../../../arm-none-eabi/lib/thumb/v7e-m+fp/hard/libc_nano.a(lib_a-nano-mallocr.o) (_sbrk_r)
[...]
Memory Configuration

Name             Origin             Length             Attributes
CCMRAM           0x0000000010000000 0x0000000000010000 xrw
RAM              0x0000000020000000 0x0000000000020000 xrw
FLASH            0x0000000008000000 0x0000000000100000 xr
*default*        0x0000000000000000 0xffffffffffffffff

Linker script and memory map

LOAD /Applications/STM32CubeIDE.app/Contents/Eclipse/plugins/com.st.stm32cube.ide.mcu.externaltools.gnu-tools-for-stm32.9-2020-q2-update.macos64_1.5.0.202011040924/tools/bin/../lib/gcc/arm-none-eabi/9.3.1/thumb/v7e-m+fp/hard/crti.o
LOAD /Applications/STM32CubeIDE.app/Contents/Eclipse/plugins/com.st.stm32cube.ide.mcu.externaltools.gnu-tools-for-stm32.9-2020-q2-update.macos64_1.5.0.202011040924/tools/bin/../lib/gcc/arm-none-eabi/9.3.1/thumb/v7e-m+fp/hard/crtbegin.o
LOAD /Applications/STM32CubeIDE.app/Contents/Eclipse/plugins/com.st.stm32cube.ide.mcu.externaltools.gnu-tools-for-stm32.9-2020-q2-update.macos64_1.5.0.202011040924/tools/bin/../lib/gcc/arm-none-eabi/9.3.1/../../../../arm-none-eabi/lib/thumb/v7e-m+fp/hard/crt0.o
LOAD Core/Src/main.o
LOAD Core/Src/stm32f4xx_hal_msp.o
LOAD Core/Src/stm32f4xx_it.o
LOAD Core/Src/syscalls.o
LOAD Core/Src/sysmem.o
LOAD Core/Src/system_stm32f4xx.o
LOAD Core/Startup/startup_stm32f407vgtx.o
LOAD Drivers/STM32F4xx_HAL_Driver/Src/stm32f4xx_hal.o
LOAD Drivers/STM32F4xx_HAL_Driver/Src/stm32f4xx_hal_cortex.o
LOAD Drivers/STM32F4xx_HAL_Driver/Src/stm32f4xx_hal_dac.o
LOAD Drivers/STM32F4xx_HAL_Driver/Src/stm32f4xx_hal_dac_ex.o
LOAD Drivers/STM32F4xx_HAL_Driver/Src/stm32f4xx_hal_dma.o
LOAD Drivers/STM32F4xx_HAL_Driver/Src/stm32f4xx_hal_dma_ex.o
LOAD Drivers/STM32F4xx_HAL_Driver/Src/stm32f4xx_hal_exti.o
LOAD Drivers/STM32F4xx_HAL_Driver/Src/stm32f4xx_hal_flash.o
LOAD Drivers/STM32F4xx_HAL_Driver/Src/stm32f4xx_hal_flash_ex.o
LOAD Drivers/STM32F4xx_HAL_Driver/Src/stm32f4xx_hal_flash_ramfunc.o
LOAD Drivers/STM32F4xx_HAL_Driver/Src/stm32f4xx_hal_gpio.o
LOAD Drivers/STM32F4xx_HAL_Driver/Src/stm32f4xx_hal_hcd.o
LOAD Drivers/STM32F4xx_HAL_Driver/Src/stm32f4xx_hal_i2c.o
LOAD Drivers/STM32F4xx_HAL_Driver/Src/stm32f4xx_hal_i2c_ex.o
LOAD Drivers/STM32F4xx_HAL_Driver/Src/stm32f4xx_hal_pwr.o
LOAD Drivers/STM32F4xx_HAL_Driver/Src/stm32f4xx_hal_pwr_ex.o
LOAD Drivers/STM32F4xx_HAL_Driver/Src/stm32f4xx_hal_rcc.o
LOAD Drivers/STM32F4xx_HAL_Driver/Src/stm32f4xx_hal_rcc_ex.o
LOAD Drivers/STM32F4xx_HAL_Driver/Src/stm32f4xx_hal_tim.o
LOAD Drivers/STM32F4xx_HAL_Driver/Src/stm32f4xx_hal_tim_ex.o
LOAD Drivers/STM32F4xx_HAL_Driver/Src/stm32f4xx_hal_uart.o
LOAD Drivers/STM32F4xx_HAL_Driver/Src/stm32f4xx_ll_usb.o
LOAD Middlewares/ST/STM32_USB_Host_Library/Class/CDC/Src/usbh_cdc.o
LOAD Middlewares/ST/STM32_USB_Host_Library/Core/Src/usbh_core.o
LOAD Middlewares/ST/STM32_USB_Host_Library/Core/Src/usbh_ctlreq.o
LOAD Middlewares/ST/STM32_USB_Host_Library/Core/Src/usbh_ioreq.o
LOAD Middlewares/ST/STM32_USB_Host_Library/Core/Src/usbh_pipes.o
LOAD USB_HOST/App/usb_host.o
LOAD USB_HOST/Target/usbh_conf.o
LOAD USB_HOST/Target/usbh_platform.o
START GROUP
LOAD /Applications/STM32CubeIDE.app/Contents/Eclipse/plugins/com.st.stm32cube.ide.mcu.externaltools.gnu-tools-for-stm32.9-2020-q2-update.macos64_1.5.0.202011040924/tools/bin/../lib/gcc/arm-none-eabi/9.3.1/../../../../arm-none-eabi/lib/thumb/v7e-m+fp/hard/libc_nano.a
LOAD /Applications/STM32CubeIDE.app/Contents/Eclipse/plugins/com.st.stm32cube.ide.mcu.externaltools.gnu-tools-for-stm32.9-2020-q2-update.macos64_1.5.0.202011040924/tools/bin/../lib/gcc/arm-none-eabi/9.3.1/../../../../arm-none-eabi/lib/thumb/v7e-m+fp/hard/libm.a
END GROUP
START GROUP
LOAD /Applications/STM32CubeIDE.app/Contents/Eclipse/plugins/com.st.stm32cube.ide.mcu.externaltools.gnu-tools-for-stm32.9-2020-q2-update.macos64_1.5.0.202011040924/tools/bin/../lib/gcc/arm-none-eabi/9.3.1/thumb/v7e-m+fp/hard/libgcc.a
LOAD /Applications/STM32CubeIDE.app/Contents/Eclipse/plugins/com.st.stm32cube.ide.mcu.externaltools.gnu-tools-for-stm32.9-2020-q2-update.macos64_1.5.0.202011040924/tools/bin/../lib/gcc/arm-none-eabi/9.3.1/../../../../arm-none-eabi/lib/thumb/v7e-m+fp/hard/libc_nano.a
END GROUP
START GROUP
LOAD /Applications/STM32CubeIDE.app/Contents/Eclipse/plugins/com.st.stm32cube.ide.mcu.externaltools.gnu-tools-for-stm32.9-2020-q2-update.macos64_1.5.0.202011040924/tools/bin/../lib/gcc/arm-none-eabi/9.3.1/thumb/v7e-m+fp/hard/libgcc.a
LOAD /Applications/STM32CubeIDE.app/Contents/Eclipse/plugins/com.st.stm32cube.ide.mcu.externaltools.gnu-tools-for-stm32.9-2020-q2-update.macos64_1.5.0.202011040924/tools/bin/../lib/gcc/arm-none-eabi/9.3.1/../../../../arm-none-eabi/lib/thumb/v7e-m+fp/hard/libc_nano.a
LOAD /Applications/STM32CubeIDE.app/Contents/Eclipse/plugins/com.st.stm32cube.ide.mcu.externaltools.gnu-tools-for-stm32.9-2020-q2-update.macos64_1.5.0.202011040924/tools/bin/../lib/gcc/arm-none-eabi/9.3.1/../../../../arm-none-eabi/lib/thumb/v7e-m+fp/hard/libnosys.a
END GROUP
START GROUP
LOAD /Applications/STM32CubeIDE.app/Contents/Eclipse/plugins/com.st.stm32cube.ide.mcu.externaltools.gnu-tools-for-stm32.9-2020-q2-update.macos64_1.5.0.202011040924/tools/bin/../lib/gcc/arm-none-eabi/9.3.1/thumb/v7e-m+fp/hard/libgcc.a
LOAD /Applications/STM32CubeIDE.app/Contents/Eclipse/plugins/com.st.stm32cube.ide.mcu.externaltools.gnu-tools-for-stm32.9-2020-q2-update.macos64_1.5.0.202011040924/tools/bin/../lib/gcc/arm-none-eabi/9.3.1/../../../../arm-none-eabi/lib/thumb/v7e-m+fp/hard/libc_nano.a
LOAD /Applications/STM32CubeIDE.app/Contents/Eclipse/plugins/com.st.stm32cube.ide.mcu.externaltools.gnu-tools-for-stm32.9-2020-q2-update.macos64_1.5.0.202011040924/tools/bin/../lib/gcc/arm-none-eabi/9.3.1/../../../../arm-none-eabi/lib/thumb/v7e-m+fp/hard/libnosys.a
END GROUP
LOAD /Applications/STM32CubeIDE.app/Contents/Eclipse/plugins/com.st.stm32cube.ide.mcu.externaltools.gnu-tools-for-stm32.9-2020-q2-update.macos64_1.5.0.202011040924/tools/bin/../lib/gcc/arm-none-eabi/9.3.1/thumb/v7e-m+fp/hard/crtend.o
LOAD /Applications/STM32CubeIDE.app/Contents/Eclipse/plugins/com.st.stm32cube.ide.mcu.externaltools.gnu-tools-for-stm32.9-2020-q2-update.macos64_1.5.0.202011040924/tools/bin/../lib/gcc/arm-none-eabi/9.3.1/thumb/v7e-m+fp/hard/crtn.o
                0x0000000020020000                _estack = (ORIGIN (RAM) + LENGTH (RAM))
                0x0000000000000200                _Min_Heap_Size = 0x200
                0x0000000000000400                _Min_Stack_Size = 0x400

.isr_vector     0x0000000008000000      0x188
                0x0000000008000000                . = ALIGN (0x4)
 *(.isr_vector)
 .isr_vector    0x0000000008000000      0x188 Core/Startup/startup_stm32f407vgtx.o
                0x0000000008000000                g_pfnVectors
                0x0000000008000188                . = ALIGN (0x4)

.text           0x0000000008000188     0x8e2c
                0x0000000008000188                . = ALIGN (0x4)
 *(.text)
 .text          0x0000000008000188       0x40 /Applications/STM32CubeIDE.app/Contents/Eclipse/plugins/com.st.stm32cube.ide.mcu.externaltools.gnu-tools-for-stm32.9-2020-q2-update.macos64_1.5.0.202011040924/tools/bin/../lib/gcc/arm-none-eabi/9.3.1/thumb/v7e-m+fp/hard/crtbegin.o
 .text          0x00000000080001c8      0x378 /Applications/STM32CubeIDE.app/Contents/Eclipse/plugins/com.st.stm32cube.ide.mcu.externaltools.gnu-tools-for-stm32.9-2020-q2-update.macos64_1.5.0.202011040924/tools/bin/../lib/gcc/arm-none-eabi/9.3.1/thumb/v7e-m+fp/hard/libgcc.a(_arm_addsubdf3.o)
                0x00000000080001c8                __aeabi_drsub
                0x00000000080001d0                __subdf3
                0x00000000080001d0                __aeabi_dsub
                0x00000000080001d4                __aeabi_dadd
                0x00000000080001d4                __adddf3
                0x000000000800044c                __aeabi_ui2d
                0x000000000800044c                __floatunsidf
                0x000000000800046c                __floatsidf
                0x000000000800046c                __aeabi_i2d
                0x0000000008000490                __extendsfdf2
                0x0000000008000490                __aeabi_f2d
                0x00000000080004d4                __aeabi_ul2d
                0x00000000080004d4                __floatundidf
                0x00000000080004e4                __aeabi_l2d
                0x00000000080004e4                __floatdidf
 .text          0x0000000008000540      0x424 /Applications/STM32CubeIDE.app/Contents/Eclipse/plugins/com.st.stm32cube.ide.mcu.externaltools.gnu-tools-for-stm32.9-2020-q2-update.macos64_1.5.0.202011040924/tools/bin/../lib/gcc/arm-none-eabi/9.3.1/thumb/v7e-m+fp/hard/libgcc.a(_arm_muldivdf3.o)
                0x0000000008000540                __aeabi_dmul
                0x0000000008000540                __muldf3
                0x0000000008000794                __aeabi_ddiv
                0x0000000008000794                __divdf3
 .text          0x0000000008000964       0x40 /Applications/STM32CubeIDE.app/Contents/Eclipse/plugins/com.st.stm32cube.ide.mcu.externaltools.gnu-tools-for-stm32.9-2020-q2-update.macos64_1.5.0.202011040924/tools/bin/../lib/gcc/arm-none-eabi/9.3.1/thumb/v7e-m+fp/hard/libgcc.a(_arm_fixunsdfsi.o)
                0x0000000008000964                __fixunsdfsi
                0x0000000008000964                __aeabi_d2uiz
 .text          0x00000000080009a4       0xa0 /Applications/STM32CubeIDE.app/Contents/Eclipse/plugins/com.st.stm32cube.ide.mcu.externaltools.gnu-tools-for-stm32.9-2020-q2-update.macos64_1.5.0.202011040924/tools/bin/../lib/gcc/arm-none-eabi/9.3.1/thumb/v7e-m+fp/hard/libgcc.a(_arm_truncdfsf2.o)
                0x00000000080009a4                __aeabi_d2f
                0x00000000080009a4                __truncdfsf2
 .text          0x0000000008000a44       0x30 /Applications/STM32CubeIDE.app/Contents/Eclipse/plugins/com.st.stm32cube.ide.mcu.externaltools.gnu-tools-for-stm32.9-2020-q2-update.macos64_1.5.0.202011040924/tools/bin/../lib/gcc/arm-none-eabi/9.3.1/thumb/v7e-m+fp/hard/libgcc.a(_aeabi_uldivmod.o)
                0x0000000008000a44                __aeabi_uldivmod
 .text          0x0000000008000a74      0x2c4 /Applications/STM32CubeIDE.app/Contents/Eclipse/plugins/com.st.stm32cube.ide.mcu.externaltools.gnu-tools-for-stm32.9-2020-q2-update.macos64_1.5.0.202011040924/tools/bin/../lib/gcc/arm-none-eabi/9.3.1/thumb/v7e-m+fp/hard/libgcc.a(_udivmoddi4.o)
                0x0000000008000a74                __udivmoddi4
 .text          0x0000000008000d38        0x4 /Applications/STM32CubeIDE.app/Contents/Eclipse/plugins/com.st.stm32cube.ide.mcu.externaltools.gnu-tools-for-stm32.9-2020-q2-update.macos64_1.5.0.202011040924/tools/bin/../lib/gcc/arm-none-eabi/9.3.1/thumb/v7e-m+fp/hard/libgcc.a(_dvmd_tls.o)
                0x0000000008000d38                __aeabi_ldiv0
                0x0000000008000d38                __aeabi_idiv0
 *(.text*)
 *fill*         0x0000000008000d3c        0x4 
 .text.main     0x0000000008000d40      0x194 Core/Src/main.o
                0x0000000008000d40                main
 .text.SystemClock_Config
                0x0000000008000ed4       0xd4 Core/Src/main.o
                0x0000000008000ed4                SystemClock_Config
 .text.MX_DAC_Init
                0x0000000008000fa8       0x68 Core/Src/main.o
 .text.MX_I2C1_Init
                0x0000000008001010       0x5c Core/Src/main.o
 .text.MX_USART2_UART_Init
                0x000000000800106c       0x54 Core/Src/main.o
 .text.MX_DMA_Init
                0x00000000080010c0       0x40 Core/Src/main.o
 .text.MX_GPIO_Init
                0x0000000008001100      0x23c Core/Src/main.o
 .text.Error_Handler
                0x000000000800133c        0xa Core/Src/main.o
                0x000000000800133c                Error_Handler
 *fill*         0x0000000008001346        0x2 
 .text.HAL_MspInit
                0x0000000008001348       0x50 Core/Src/stm32f4xx_hal_msp.o
                0x0000000008001348                HAL_MspInit
 .text.HAL_DAC_MspInit
                0x0000000008001398       0x88 Core/Src/stm32f4xx_hal_msp.o
                0x0000000008001398                HAL_DAC_MspInit
 .text.HAL_I2C_MspInit
                0x0000000008001420       0x90 Core/Src/stm32f4xx_hal_msp.o
                0x0000000008001420                HAL_I2C_MspInit
 .text.HAL_UART_MspInit
                0x00000000080014b0      0x104 Core/Src/stm32f4xx_hal_msp.o
                0x00000000080014b0                HAL_UART_MspInit
 .text.NMI_Handler
                0x00000000080015b4        0x6 Core/Src/stm32f4xx_it.o
                0x00000000080015b4                NMI_Handler
 .text.HardFault_Handler
                0x00000000080015ba        0x6 Core/Src/stm32f4xx_it.o
                0x00000000080015ba                HardFault_Handler
 .text.MemManage_Handler
                0x00000000080015c0        0x6 Core/Src/stm32f4xx_it.o
                0x00000000080015c0                MemManage_Handler
 .text.BusFault_Handler
                0x00000000080015c6        0x6 Core/Src/stm32f4xx_it.o
                0x00000000080015c6                BusFault_Handler
 .text.UsageFault_Handler
                0x00000000080015cc        0x6 Core/Src/stm32f4xx_it.o
                0x00000000080015cc                UsageFault_Handler
 .text.SVC_Handler
                0x00000000080015d2        0xe Core/Src/stm32f4xx_it.o
                0x00000000080015d2                SVC_Handler
 .text.DebugMon_Handler
                0x00000000080015e0        0xe Core/Src/stm32f4xx_it.o
                0x00000000080015e0                DebugMon_Handler
 .text.PendSV_Handler
                0x00000000080015ee        0xe Core/Src/stm32f4xx_it.o
                0x00000000080015ee                PendSV_Handler
 .text.SysTick_Handler
                0x00000000080015fc        0xc Core/Src/stm32f4xx_it.o
                0x00000000080015fc                SysTick_Handler
 .text.DMA1_Stream5_IRQHandler
                0x0000000008001608       0x14 Core/Src/stm32f4xx_it.o
                0x0000000008001608                DMA1_Stream5_IRQHandler
 .text.USART2_IRQHandler
                0x000000000800161c       0x14 Core/Src/stm32f4xx_it.o
                0x000000000800161c                USART2_IRQHandler
 .text.OTG_FS_IRQHandler
                0x0000000008001630       0x14 Core/Src/stm32f4xx_it.o
                0x0000000008001630                OTG_FS_IRQHandler
 .text._sbrk    0x0000000008001644       0x6c Core/Src/sysmem.o
                0x0000000008001644                _sbrk
 .text.SystemInit
                0x00000000080016b0       0x2c Core/Src/system_stm32f4xx.o
                0x00000000080016b0                SystemInit
 .text.Reset_Handler
                0x00000000080016dc       0x50 Core/Startup/startup_stm32f407vgtx.o
                0x00000000080016dc                Reset_Handler
 .text.Default_Handler
                0x000000000800172c        0x2 Core/Startup/startup_stm32f407vgtx.o
                0x000000000800172c                DMA1_Stream3_IRQHandler
                0x000000000800172c                HASH_RNG_IRQHandler
                0x000000000800172c                EXTI2_IRQHandler
                0x000000000800172c                TIM8_CC_IRQHandler
                0x000000000800172c                TIM1_CC_IRQHandler
                0x000000000800172c                DMA2_Stream5_IRQHandler
                0x000000000800172c                PVD_IRQHandler
                0x000000000800172c                SDIO_IRQHandler
                0x000000000800172c                TAMP_STAMP_IRQHandler
                0x000000000800172c                CAN2_RX1_IRQHandler
                0x000000000800172c                EXTI3_IRQHandler
                0x000000000800172c                TIM8_TRG_COM_TIM14_IRQHandler
                0x000000000800172c                TIM1_UP_TIM10_IRQHandler
                0x000000000800172c                TIM8_UP_TIM13_IRQHandler
                0x000000000800172c                I2C3_ER_IRQHandler
                0x000000000800172c                EXTI0_IRQHandler
                0x000000000800172c                I2C2_EV_IRQHandler
                0x000000000800172c                DMA1_Stream2_IRQHandler
                0x000000000800172c                CAN1_RX0_IRQHandler
                0x000000000800172c                FPU_IRQHandler
                0x000000000800172c                OTG_HS_WKUP_IRQHandler
                0x000000000800172c                CAN2_SCE_IRQHandler
                0x000000000800172c                DMA2_Stream2_IRQHandler
                0x000000000800172c                SPI1_IRQHandler
                0x000000000800172c                TIM6_DAC_IRQHandler
                0x000000000800172c                TIM1_BRK_TIM9_IRQHandler
                0x000000000800172c                DCMI_IRQHandler
                0x000000000800172c                CAN2_RX0_IRQHandler
                0x000000000800172c                DMA2_Stream3_IRQHandler
                0x000000000800172c                USART6_IRQHandler
                0x000000000800172c                USART3_IRQHandler
                0x000000000800172c                CAN1_RX1_IRQHandler
                0x000000000800172c                UART5_IRQHandler
                0x000000000800172c                DMA2_Stream0_IRQHandler
                0x000000000800172c                TIM4_IRQHandler
                0x000000000800172c                I2C1_EV_IRQHandler
                0x000000000800172c                DMA1_Stream6_IRQHandler
                0x000000000800172c                DMA1_Stream1_IRQHandler
                0x000000000800172c                UART4_IRQHandler
                0x000000000800172c                TIM3_IRQHandler
                0x000000000800172c                RCC_IRQHandler
                0x000000000800172c                TIM8_BRK_TIM12_IRQHandler
                0x000000000800172c                Default_Handler
                0x000000000800172c                EXTI15_10_IRQHandler
                0x000000000800172c                ADC_IRQHandler
                0x000000000800172c                DMA1_Stream7_IRQHandler
                0x000000000800172c                TIM7_IRQHandler
                0x000000000800172c                CAN2_TX_IRQHandler
                0x000000000800172c                TIM5_IRQHandler
                0x000000000800172c                DMA2_Stream7_IRQHandler
                0x000000000800172c                I2C3_EV_IRQHandler
                0x000000000800172c                EXTI9_5_IRQHandler
                0x000000000800172c                RTC_WKUP_IRQHandler
                0x000000000800172c                ETH_WKUP_IRQHandler
                0x000000000800172c                SPI2_IRQHandler
                0x000000000800172c                OTG_HS_EP1_IN_IRQHandler
                0x000000000800172c                DMA1_Stream0_IRQHandler
                0x000000000800172c                CAN1_TX_IRQHandler
                0x000000000800172c                EXTI4_IRQHandler
                0x000000000800172c                FSMC_IRQHandler
                0x000000000800172c                ETH_IRQHandler
                0x000000000800172c                OTG_HS_EP1_OUT_IRQHandler
                0x000000000800172c                WWDG_IRQHandler
                0x000000000800172c                TIM2_IRQHandler
                0x000000000800172c                OTG_FS_WKUP_IRQHandler
                0x000000000800172c                TIM1_TRG_COM_TIM11_IRQHandler
                0x000000000800172c                OTG_HS_IRQHandler
                0x000000000800172c                EXTI1_IRQHandler
                0x000000000800172c                I2C2_ER_IRQHandler
                0x000000000800172c                DMA2_Stream1_IRQHandler
                0x000000000800172c                CAN1_SCE_IRQHandler
                0x000000000800172c                FLASH_IRQHandler
                0x000000000800172c                DMA2_Stream4_IRQHandler
                0x000000000800172c                USART1_IRQHandler
                0x000000000800172c                SPI3_IRQHandler
                0x000000000800172c                DMA1_Stream4_IRQHandler
                0x000000000800172c                I2C1_ER_IRQHandler
                0x000000000800172c                DMA2_Stream6_IRQHandler
                0x000000000800172c                RTC_Alarm_IRQHandler
 *fill*         0x000000000800172e        0x2 
 .text.HAL_Init
                0x0000000008001730       0x44 Drivers/STM32F4xx_HAL_Driver/Src/stm32f4xx_hal.o
                0x0000000008001730                HAL_Init
 .text.HAL_InitTick
                0x0000000008001774       0x60 Drivers/STM32F4xx_HAL_Driver/Src/stm32f4xx_hal.o
                0x0000000008001774                HAL_InitTick
 .text.HAL_IncTick
                0x00000000080017d4       0x28 Drivers/STM32F4xx_HAL_Driver/Src/stm32f4xx_hal.o
                0x00000000080017d4                HAL_IncTick
 .text.HAL_GetTick
                0x00000000080017fc       0x18 Drivers/STM32F4xx_HAL_Driver/Src/stm32f4xx_hal.o
                0x00000000080017fc                HAL_GetTick
 .text.HAL_Delay
                0x0000000008001814       0x48 Drivers/STM32F4xx_HAL_Driver/Src/stm32f4xx_hal.o
                0x0000000008001814                HAL_Delay
 .text.__NVIC_SetPriorityGrouping
                0x000000000800185c       0x48 Drivers/STM32F4xx_HAL_Driver/Src/stm32f4xx_hal_cortex.o
 .text.__NVIC_GetPriorityGrouping
                0x00000000080018a4       0x1c Drivers/STM32F4xx_HAL_Driver/Src/stm32f4xx_hal_cortex.o
 .text.__NVIC_EnableIRQ
                0x00000000080018c0       0x3c Drivers/STM32F4xx_HAL_Driver/Src/stm32f4xx_hal_cortex.o
 .text.__NVIC_SetPriority
                0x00000000080018fc       0x54 Drivers/STM32F4xx_HAL_Driver/Src/stm32f4xx_hal_cortex.o
 .text.NVIC_EncodePriority
                0x0000000008001950       0x66 Drivers/STM32F4xx_HAL_Driver/Src/stm32f4xx_hal_cortex.o
 *fill*         0x00000000080019b6        0x2 
 .text.SysTick_Config
                0x00000000080019b8       0x44 Drivers/STM32F4xx_HAL_Driver/Src/stm32f4xx_hal_cortex.o
 .text.HAL_NVIC_SetPriorityGrouping
                0x00000000080019fc       0x16 Drivers/STM32F4xx_HAL_Driver/Src/stm32f4xx_hal_cortex.o
                0x00000000080019fc                HAL_NVIC_SetPriorityGrouping
 .text.HAL_NVIC_SetPriority
                0x0000000008001a12       0x38 Drivers/STM32F4xx_HAL_Driver/Src/stm32f4xx_hal_cortex.o
                0x0000000008001a12                HAL_NVIC_SetPriority
 .text.HAL_NVIC_EnableIRQ
                0x0000000008001a4a       0x1c Drivers/STM32F4xx_HAL_Driver/Src/stm32f4xx_hal_cortex.o
                0x0000000008001a4a                HAL_NVIC_EnableIRQ
 .text.HAL_SYSTICK_Config
                0x0000000008001a66       0x18 Drivers/STM32F4xx_HAL_Driver/Src/stm32f4xx_hal_cortex.o
                0x0000000008001a66                HAL_SYSTICK_Config
 .text.HAL_DAC_Init
                0x0000000008001a7e       0x44 Drivers/STM32F4xx_HAL_Driver/Src/stm32f4xx_hal_dac.o
                0x0000000008001a7e                HAL_DAC_Init
 .text.HAL_DAC_Start
                0x0000000008001ac2       0xcc Drivers/STM32F4xx_HAL_Driver/Src/stm32f4xx_hal_dac.o
                0x0000000008001ac2                HAL_DAC_Start
 .text.HAL_DAC_ConfigChannel
                0x0000000008001b8e       0x9a Drivers/STM32F4xx_HAL_Driver/Src/stm32f4xx_hal_dac.o
                0x0000000008001b8e                HAL_DAC_ConfigChannel
 .text.HAL_DAC_SetValue
                0x0000000008001c28       0x4a Drivers/STM32F4xx_HAL_Driver/Src/stm32f4xx_hal_dac.o
                0x0000000008001c28                HAL_DAC_SetValue
 *fill*         0x0000000008001c72        0x2 
 .text.HAL_DMA_Init
                0x0000000008001c74      0x15c Drivers/STM32F4xx_HAL_Driver/Src/stm32f4xx_hal_dma.o
                0x0000000008001c74                HAL_DMA_Init
 .text.HAL_DMA_Start_IT
                0x0000000008001dd0       0xb0 Drivers/STM32F4xx_HAL_Driver/Src/stm32f4xx_hal_dma.o
                0x0000000008001dd0                HAL_DMA_Start_IT
 .text.HAL_DMA_Abort_IT
                0x0000000008001e80       0x44 Drivers/STM32F4xx_HAL_Driver/Src/stm32f4xx_hal_dma.o
                0x0000000008001e80                HAL_DMA_Abort_IT
 .text.HAL_DMA_IRQHandler
                0x0000000008001ec4      0x314 Drivers/STM32F4xx_HAL_Driver/Src/stm32f4xx_hal_dma.o
                0x0000000008001ec4                HAL_DMA_IRQHandler
 .text.DMA_SetConfig
                0x00000000080021d8       0x5c Drivers/STM32F4xx_HAL_Driver/Src/stm32f4xx_hal_dma.o
 .text.DMA_CalcBaseAndBitshift
                0x0000000008002234       0x6c Drivers/STM32F4xx_HAL_Driver/Src/stm32f4xx_hal_dma.o
 .text.DMA_CheckFifoParam
                0x00000000080022a0       0xf8 Drivers/STM32F4xx_HAL_Driver/Src/stm32f4xx_hal_dma.o
 .text.HAL_GPIO_Init
                0x0000000008002398      0x338 Drivers/STM32F4xx_HAL_Driver/Src/stm32f4xx_hal_gpio.o
                0x0000000008002398                HAL_GPIO_Init
 .text.HAL_GPIO_WritePin
                0x00000000080026d0       0x32 Drivers/STM32F4xx_HAL_Driver/Src/stm32f4xx_hal_gpio.o
                0x00000000080026d0                HAL_GPIO_WritePin
 .text.HAL_HCD_Init
                0x0000000008002702       0xc4 Drivers/STM32F4xx_HAL_Driver/Src/stm32f4xx_hal_hcd.o
                0x0000000008002702                HAL_HCD_Init
 .text.HAL_HCD_HC_Init
                0x00000000080027c6      0x130 Drivers/STM32F4xx_HAL_Driver/Src/stm32f4xx_hal_hcd.o
                0x00000000080027c6                HAL_HCD_HC_Init
 .text.HAL_HCD_HC_Halt
                0x00000000080028f6       0x46 Drivers/STM32F4xx_HAL_Driver/Src/stm32f4xx_hal_hcd.o
                0x00000000080028f6                HAL_HCD_HC_Halt
 .text.HAL_HCD_HC_SubmitRequest
                0x000000000800293c      0x2e4 Drivers/STM32F4xx_HAL_Driver/Src/stm32f4xx_hal_hcd.o
                0x000000000800293c                HAL_HCD_HC_SubmitRequest
 .text.HAL_HCD_IRQHandler
                0x0000000008002c20      0x208 Drivers/STM32F4xx_HAL_Driver/Src/stm32f4xx_hal_hcd.o
                0x0000000008002c20                HAL_HCD_IRQHandler
 .text.HAL_HCD_Start
                0x0000000008002e28       0x46 Drivers/STM32F4xx_HAL_Driver/Src/stm32f4xx_hal_hcd.o
                0x0000000008002e28                HAL_HCD_Start
 .text.HAL_HCD_Stop
                0x0000000008002e6e       0x3a Drivers/STM32F4xx_HAL_Driver/Src/stm32f4xx_hal_hcd.o
                0x0000000008002e6e                HAL_HCD_Stop
 .text.HAL_HCD_ResetPort
                0x0000000008002ea8       0x1c Drivers/STM32F4xx_HAL_Driver/Src/stm32f4xx_hal_hcd.o
                0x0000000008002ea8                HAL_HCD_ResetPort
 .text.HAL_HCD_HC_GetURBState
                0x0000000008002ec4       0x2a Drivers/STM32F4xx_HAL_Driver/Src/stm32f4xx_hal_hcd.o
                0x0000000008002ec4                HAL_HCD_HC_GetURBState
 .text.HAL_HCD_HC_GetXferCount
                0x0000000008002eee       0x2a Drivers/STM32F4xx_HAL_Driver/Src/stm32f4xx_hal_hcd.o
                0x0000000008002eee                HAL_HCD_HC_GetXferCount
 .text.HAL_HCD_GetCurrentFrame
                0x0000000008002f18       0x1c Drivers/STM32F4xx_HAL_Driver/Src/stm32f4xx_hal_hcd.o
                0x0000000008002f18                HAL_HCD_GetCurrentFrame
 .text.HAL_HCD_GetCurrentSpeed
                0x0000000008002f34       0x1c Drivers/STM32F4xx_HAL_Driver/Src/stm32f4xx_hal_hcd.o
                0x0000000008002f34                HAL_HCD_GetCurrentSpeed
 .text.HCD_HC_IN_IRQHandler
                0x0000000008002f50      0x86a Drivers/STM32F4xx_HAL_Driver/Src/stm32f4xx_hal_hcd.o
 .text.HCD_HC_OUT_IRQHandler
                0x00000000080037ba      0x6ea Drivers/STM32F4xx_HAL_Driver/Src/stm32f4xx_hal_hcd.o
 .text.HCD_RXQLVL_IRQHandler
                0x0000000008003ea4      0x15c Drivers/STM32F4xx_HAL_Driver/Src/stm32f4xx_hal_hcd.o
 .text.HCD_Port_IRQHandler
                0x0000000008004000       0xe6 Drivers/STM32F4xx_HAL_Driver/Src/stm32f4xx_hal_hcd.o
 *fill*         0x00000000080040e6        0x2 
 .text.HAL_I2C_Init
                0x00000000080040e8      0x288 Drivers/STM32F4xx_HAL_Driver/Src/stm32f4xx_hal_i2c.o
                0x00000000080040e8                HAL_I2C_Init
 .text.HAL_RCC_OscConfig
                0x0000000008004370      0x4e0 Drivers/STM32F4xx_HAL_Driver/Src/stm32f4xx_hal_rcc.o
                0x0000000008004370                HAL_RCC_OscConfig
 .text.HAL_RCC_ClockConfig
                0x0000000008004850      0x1cc Drivers/STM32F4xx_HAL_Driver/Src/stm32f4xx_hal_rcc.o
                0x0000000008004850                HAL_RCC_ClockConfig
 .text.HAL_RCC_GetSysClockFreq
                0x0000000008004a1c      0x1c4 Drivers/STM32F4xx_HAL_Driver/Src/stm32f4xx_hal_rcc.o
                0x0000000008004a1c                HAL_RCC_GetSysClockFreq
 .text.HAL_RCC_GetHCLKFreq
                0x0000000008004be0       0x18 Drivers/STM32F4xx_HAL_Driver/Src/stm32f4xx_hal_rcc.o
                0x0000000008004be0                HAL_RCC_GetHCLKFreq
 .text.HAL_RCC_GetPCLK1Freq
                0x0000000008004bf8       0x28 Drivers/STM32F4xx_HAL_Driver/Src/stm32f4xx_hal_rcc.o
                0x0000000008004bf8                HAL_RCC_GetPCLK1Freq
 .text.HAL_RCC_GetPCLK2Freq
                0x0000000008004c20       0x28 Drivers/STM32F4xx_HAL_Driver/Src/stm32f4xx_hal_rcc.o
                0x0000000008004c20                HAL_RCC_GetPCLK2Freq
 .text.HAL_UART_Init
                0x0000000008004c48       0x9a Drivers/STM32F4xx_HAL_Driver/Src/stm32f4xx_hal_uart.o
                0x0000000008004c48                HAL_UART_Init
 *fill*         0x0000000008004ce2        0x2 
 .text.HAL_UART_Receive_DMA
                0x0000000008004ce4      0x100 Drivers/STM32F4xx_HAL_Driver/Src/stm32f4xx_hal_uart.o
                0x0000000008004ce4                HAL_UART_Receive_DMA
 .text.HAL_UART_IRQHandler
                0x0000000008004de4      0x200 Drivers/STM32F4xx_HAL_Driver/Src/stm32f4xx_hal_uart.o
                0x0000000008004de4                HAL_UART_IRQHandler
 .text.HAL_UART_TxCpltCallback
                0x0000000008004fe4       0x14 Drivers/STM32F4xx_HAL_Driver/Src/stm32f4xx_hal_uart.o
                0x0000000008004fe4                HAL_UART_TxCpltCallback
 .text.HAL_UART_RxCpltCallback
                0x0000000008004ff8       0x14 Drivers/STM32F4xx_HAL_Driver/Src/stm32f4xx_hal_uart.o
                0x0000000008004ff8                HAL_UART_RxCpltCallback
 .text.HAL_UART_RxHalfCpltCallback
                0x000000000800500c       0x14 Drivers/STM32F4xx_HAL_Driver/Src/stm32f4xx_hal_uart.o
                0x000000000800500c                HAL_UART_RxHalfCpltCallback
 .text.HAL_UART_ErrorCallback
                0x0000000008005020       0x14 Drivers/STM32F4xx_HAL_Driver/Src/stm32f4xx_hal_uart.o
                0x0000000008005020                HAL_UART_ErrorCallback
 .text.UART_DMAReceiveCplt
                0x0000000008005034       0x68 Drivers/STM32F4xx_HAL_Driver/Src/stm32f4xx_hal_uart.o
 .text.UART_DMARxHalfCplt
                0x000000000800509c       0x1c Drivers/STM32F4xx_HAL_Driver/Src/stm32f4xx_hal_uart.o
 .text.UART_DMAError
                0x00000000080050b8       0x94 Drivers/STM32F4xx_HAL_Driver/Src/stm32f4xx_hal_uart.o
 .text.UART_EndTxTransfer
                0x000000000800514c       0x2c Drivers/STM32F4xx_HAL_Driver/Src/stm32f4xx_hal_uart.o
 .text.UART_EndRxTransfer
                0x0000000008005178       0x3c Drivers/STM32F4xx_HAL_Driver/Src/stm32f4xx_hal_uart.o
 .text.UART_DMAAbortOnError
                0x00000000080051b4       0x28 Drivers/STM32F4xx_HAL_Driver/Src/stm32f4xx_hal_uart.o
 .text.UART_Transmit_IT
                0x00000000080051dc       0xac Drivers/STM32F4xx_HAL_Driver/Src/stm32f4xx_hal_uart.o
 .text.UART_EndTransmit_IT
                0x0000000008005288       0x30 Drivers/STM32F4xx_HAL_Driver/Src/stm32f4xx_hal_uart.o
 .text.UART_Receive_IT
                0x00000000080052b8      0x102 Drivers/STM32F4xx_HAL_Driver/Src/stm32f4xx_hal_uart.o
 *fill*         0x00000000080053ba        0x2 
 .text.UART_SetConfig
                0x00000000080053bc      0x738 Drivers/STM32F4xx_HAL_Driver/Src/stm32f4xx_hal_uart.o
 .text.USB_CoreInit
                0x0000000008005af4       0xc2 Drivers/STM32F4xx_HAL_Driver/Src/stm32f4xx_ll_usb.o
                0x0000000008005af4                USB_CoreInit
 .text.USB_EnableGlobalInt
                0x0000000008005bb6       0x22 Drivers/STM32F4xx_HAL_Driver/Src/stm32f4xx_ll_usb.o
                0x0000000008005bb6                USB_EnableGlobalInt
 .text.USB_DisableGlobalInt
                0x0000000008005bd8       0x22 Drivers/STM32F4xx_HAL_Driver/Src/stm32f4xx_ll_usb.o
                0x0000000008005bd8                USB_DisableGlobalInt
 .text.USB_SetCurrentMode
                0x0000000008005bfa       0x54 Drivers/STM32F4xx_HAL_Driver/Src/stm32f4xx_ll_usb.o
                0x0000000008005bfa                USB_SetCurrentMode
 *fill*         0x0000000008005c4e        0x2 
 .text.USB_FlushTxFifo
                0x0000000008005c50       0x4c Drivers/STM32F4xx_HAL_Driver/Src/stm32f4xx_ll_usb.o
                0x0000000008005c50                USB_FlushTxFifo
 .text.USB_FlushRxFifo
                0x0000000008005c9c       0x44 Drivers/STM32F4xx_HAL_Driver/Src/stm32f4xx_ll_usb.o
                0x0000000008005c9c                USB_FlushRxFifo
 .text.USB_WritePacket
                0x0000000008005ce0       0x6a Drivers/STM32F4xx_HAL_Driver/Src/stm32f4xx_ll_usb.o
                0x0000000008005ce0                USB_WritePacket
 .text.USB_ReadPacket
                0x0000000008005d4a       0x52 Drivers/STM32F4xx_HAL_Driver/Src/stm32f4xx_ll_usb.o
                0x0000000008005d4a                USB_ReadPacket
 .text.USB_ReadInterrupts
                0x0000000008005d9c       0x26 Drivers/STM32F4xx_HAL_Driver/Src/stm32f4xx_ll_usb.o
                0x0000000008005d9c                USB_ReadInterrupts
 .text.USB_GetMode
                0x0000000008005dc2       0x1c Drivers/STM32F4xx_HAL_Driver/Src/stm32f4xx_ll_usb.o
                0x0000000008005dc2                USB_GetMode
 *fill*         0x0000000008005dde        0x2 
 .text.USB_CoreReset
                0x0000000008005de0       0x68 Drivers/STM32F4xx_HAL_Driver/Src/stm32f4xx_ll_usb.o
 .text.USB_HostInit
                0x0000000008005e48      0x178 Drivers/STM32F4xx_HAL_Driver/Src/stm32f4xx_ll_usb.o
                0x0000000008005e48                USB_HostInit
 .text.USB_InitFSLSPClkSel
                0x0000000008005fc0       0x74 Drivers/STM32F4xx_HAL_Driver/Src/stm32f4xx_ll_usb.o
                0x0000000008005fc0                USB_InitFSLSPClkSel
 .text.USB_ResetPort
                0x0000000008006034       0x54 Drivers/STM32F4xx_HAL_Driver/Src/stm32f4xx_ll_usb.o
                0x0000000008006034                USB_ResetPort
 .text.USB_DriveVbus
                0x0000000008006088       0x72 Drivers/STM32F4xx_HAL_Driver/Src/stm32f4xx_ll_usb.o
                0x0000000008006088                USB_DriveVbus
 .text.USB_GetHostSpeed
                0x00000000080060fa       0x2e Drivers/STM32F4xx_HAL_Driver/Src/stm32f4xx_ll_usb.o
                0x00000000080060fa                USB_GetHostSpeed
 .text.USB_GetCurrentFrame
                0x0000000008006128       0x22 Drivers/STM32F4xx_HAL_Driver/Src/stm32f4xx_ll_usb.o
                0x0000000008006128                USB_GetCurrentFrame
 *fill*         0x000000000800614a        0x2 
 .text.USB_HC_Init
                0x000000000800614c      0x214 Drivers/STM32F4xx_HAL_Driver/Src/stm32f4xx_ll_usb.o
                0x000000000800614c                USB_HC_Init
 .text.USB_HC_StartXfer
                0x0000000008006360      0x288 Drivers/STM32F4xx_HAL_Driver/Src/stm32f4xx_ll_usb.o
                0x0000000008006360                USB_HC_StartXfer
 .text.USB_HC_ReadInterrupt
                0x00000000080065e8       0x22 Drivers/STM32F4xx_HAL_Driver/Src/stm32f4xx_ll_usb.o
                0x00000000080065e8                USB_HC_ReadInterrupt
 .text.USB_HC_Halt
                0x000000000800660a      0x1fe Drivers/STM32F4xx_HAL_Driver/Src/stm32f4xx_ll_usb.o
                0x000000000800660a                USB_HC_Halt
 .text.USB_DoPing
                0x0000000008006808       0x78 Drivers/STM32F4xx_HAL_Driver/Src/stm32f4xx_ll_usb.o
                0x0000000008006808                USB_DoPing
 .text.USB_StopHost
                0x0000000008006880      0x10c Drivers/STM32F4xx_HAL_Driver/Src/stm32f4xx_ll_usb.o
                0x0000000008006880                USB_StopHost
 .text.USBH_CDC_InterfaceInit
                0x000000000800698c      0x2ac Middlewares/ST/STM32_USB_Host_Library/Class/CDC/Src/usbh_cdc.o
 .text.USBH_CDC_InterfaceDeInit
                0x0000000008006c38       0xb2 Middlewares/ST/STM32_USB_Host_Library/Class/CDC/Src/usbh_cdc.o
 .text.USBH_CDC_ClassRequest
                0x0000000008006cea       0x3e Middlewares/ST/STM32_USB_Host_Library/Class/CDC/Src/usbh_cdc.o
 .text.USBH_CDC_Process
                0x0000000008006d28      0x12c Middlewares/ST/STM32_USB_Host_Library/Class/CDC/Src/usbh_cdc.o
 .text.USBH_CDC_SOFProcess
                0x0000000008006e54       0x16 Middlewares/ST/STM32_USB_Host_Library/Class/CDC/Src/usbh_cdc.o
 .text.GetLineCoding
                0x0000000008006e6a       0x3e Middlewares/ST/STM32_USB_Host_Library/Class/CDC/Src/usbh_cdc.o
 .text.SetLineCoding
                0x0000000008006ea8       0x3e Middlewares/ST/STM32_USB_Host_Library/Class/CDC/Src/usbh_cdc.o
 .text.CDC_ProcessTransmission
                0x0000000008006ee6       0xec Middlewares/ST/STM32_USB_Host_Library/Class/CDC/Src/usbh_cdc.o
 .text.CDC_ProcessReception
                0x0000000008006fd2       0xb6 Middlewares/ST/STM32_USB_Host_Library/Class/CDC/Src/usbh_cdc.o
 .text.USBH_CDC_TransmitCallback
                0x0000000008007088       0x14 Middlewares/ST/STM32_USB_Host_Library/Class/CDC/Src/usbh_cdc.o
                0x0000000008007088                USBH_CDC_TransmitCallback
 .text.USBH_CDC_ReceiveCallback
                0x000000000800709c       0x14 Middlewares/ST/STM32_USB_Host_Library/Class/CDC/Src/usbh_cdc.o
                0x000000000800709c                USBH_CDC_ReceiveCallback
 .text.USBH_CDC_LineCodingChanged
                0x00000000080070b0       0x14 Middlewares/ST/STM32_USB_Host_Library/Class/CDC/Src/usbh_cdc.o
                0x00000000080070b0                USBH_CDC_LineCodingChanged
 .text.USBH_Init
                0x00000000080070c4       0x74 Middlewares/ST/STM32_USB_Host_Library/Core/Src/usbh_core.o
                0x00000000080070c4                USBH_Init
 .text.DeInitStateMachine
                0x0000000008007138       0xa8 Middlewares/ST/STM32_USB_Host_Library/Core/Src/usbh_core.o
 .text.USBH_RegisterClass
                0x00000000080071e0       0x54 Middlewares/ST/STM32_USB_Host_Library/Core/Src/usbh_core.o
                0x00000000080071e0                USBH_RegisterClass
 .text.USBH_SelectInterface
                0x0000000008007234       0x38 Middlewares/ST/STM32_USB_Host_Library/Core/Src/usbh_core.o
                0x0000000008007234                USBH_SelectInterface
 .text.USBH_FindInterface
                0x000000000800726c       0x8c Middlewares/ST/STM32_USB_Host_Library/Core/Src/usbh_core.o
                0x000000000800726c                USBH_FindInterface
 .text.USBH_Start
                0x00000000080072f8       0x20 Middlewares/ST/STM32_USB_Host_Library/Core/Src/usbh_core.o
                0x00000000080072f8                USBH_Start
 .text.USBH_Process
                0x0000000008007318      0x3c0 Middlewares/ST/STM32_USB_Host_Library/Core/Src/usbh_core.o
                0x0000000008007318                USBH_Process
 .text.USBH_HandleEnum
                0x00000000080076d8      0x3c8 Middlewares/ST/STM32_USB_Host_Library/Core/Src/usbh_core.o
 .text.USBH_LL_SetTimer
                0x0000000008007aa0       0x1e Middlewares/ST/STM32_USB_Host_Library/Core/Src/usbh_core.o
                0x0000000008007aa0                USBH_LL_SetTimer
 .text.USBH_LL_IncTimer
                0x0000000008007abe       0x24 Middlewares/ST/STM32_USB_Host_Library/Core/Src/usbh_core.o
                0x0000000008007abe                USBH_LL_IncTimer
 .text.USBH_HandleSof
                0x0000000008007ae2       0x30 Middlewares/ST/STM32_USB_Host_Library/Core/Src/usbh_core.o
 .text.USBH_LL_PortEnabled
                0x0000000008007b12       0x1c Middlewares/ST/STM32_USB_Host_Library/Core/Src/usbh_core.o
                0x0000000008007b12                USBH_LL_PortEnabled
 .text.USBH_LL_PortDisabled
                0x0000000008007b2e       0x1c Middlewares/ST/STM32_USB_Host_Library/Core/Src/usbh_core.o
                0x0000000008007b2e                USBH_LL_PortDisabled
 .text.USBH_LL_Connect
                0x0000000008007b4a       0x2e Middlewares/ST/STM32_USB_Host_Library/Core/Src/usbh_core.o
                0x0000000008007b4a                USBH_LL_Connect
 .text.USBH_LL_Disconnect
                0x0000000008007b78       0x48 Middlewares/ST/STM32_USB_Host_Library/Core/Src/usbh_core.o
                0x0000000008007b78                USBH_LL_Disconnect
 .text.USBH_Get_DevDesc
                0x0000000008007bc0       0x50 Middlewares/ST/STM32_USB_Host_Library/Core/Src/usbh_ctlreq.o
                0x0000000008007bc0                USBH_Get_DevDesc
 .text.USBH_Get_CfgDesc
                0x0000000008007c10       0x48 Middlewares/ST/STM32_USB_Host_Library/Core/Src/usbh_ctlreq.o
                0x0000000008007c10                USBH_Get_CfgDesc
 .text.USBH_Get_StringDesc
                0x0000000008007c58       0x56 Middlewares/ST/STM32_USB_Host_Library/Core/Src/usbh_ctlreq.o
                0x0000000008007c58                USBH_Get_StringDesc
 .text.USBH_GetDescriptor
                0x0000000008007cae       0x6a Middlewares/ST/STM32_USB_Host_Library/Core/Src/usbh_ctlreq.o
                0x0000000008007cae                USBH_GetDescriptor
 .text.USBH_SetAddress
                0x0000000008007d18       0x48 Middlewares/ST/STM32_USB_Host_Library/Core/Src/usbh_ctlreq.o
                0x0000000008007d18                USBH_SetAddress
 .text.USBH_SetCfg
                0x0000000008007d60       0x46 Middlewares/ST/STM32_USB_Host_Library/Core/Src/usbh_ctlreq.o
                0x0000000008007d60                USBH_SetCfg
 .text.USBH_SetFeature
                0x0000000008007da6       0x48 Middlewares/ST/STM32_USB_Host_Library/Core/Src/usbh_ctlreq.o
                0x0000000008007da6                USBH_SetFeature
 .text.USBH_ClrFeature
                0x0000000008007dee       0x48 Middlewares/ST/STM32_USB_Host_Library/Core/Src/usbh_ctlreq.o
                0x0000000008007dee                USBH_ClrFeature
 .text.USBH_ParseDevDesc
                0x0000000008007e36       0xe0 Middlewares/ST/STM32_USB_Host_Library/Core/Src/usbh_ctlreq.o
 .text.USBH_ParseCfgDesc
                0x0000000008007f16      0x144 Middlewares/ST/STM32_USB_Host_Library/Core/Src/usbh_ctlreq.o
 .text.USBH_ParseInterfaceDesc
                0x000000000800805a       0x5e Middlewares/ST/STM32_USB_Host_Library/Core/Src/usbh_ctlreq.o
 .text.USBH_ParseEPDesc
                0x00000000080080b8       0x5a Middlewares/ST/STM32_USB_Host_Library/Core/Src/usbh_ctlreq.o
 .text.USBH_ParseStringDesc
                0x0000000008008112       0x66 Middlewares/ST/STM32_USB_Host_Library/Core/Src/usbh_ctlreq.o
 .text.USBH_GetNextDesc
                0x0000000008008178       0x36 Middlewares/ST/STM32_USB_Host_Library/Core/Src/usbh_ctlreq.o
                0x0000000008008178                USBH_GetNextDesc
 .text.USBH_CtlReq
                0x00000000080081ae       0x7a Middlewares/ST/STM32_USB_Host_Library/Core/Src/usbh_ctlreq.o
                0x00000000080081ae                USBH_CtlReq
 .text.USBH_HandleControl
                0x0000000008008228      0x2e8 Middlewares/ST/STM32_USB_Host_Library/Core/Src/usbh_ctlreq.o
 .text.USBH_CtlSendSetup
                0x0000000008008510       0x34 Middlewares/ST/STM32_USB_Host_Library/Core/Src/usbh_ioreq.o
                0x0000000008008510                USBH_CtlSendSetup
 .text.USBH_CtlSendData
                0x0000000008008544       0x4a Middlewares/ST/STM32_USB_Host_Library/Core/Src/usbh_ioreq.o
                0x0000000008008544                USBH_CtlSendData
 .text.USBH_CtlReceiveData
                0x000000000800858e       0x3c Middlewares/ST/STM32_USB_Host_Library/Core/Src/usbh_ioreq.o
                0x000000000800858e                USBH_CtlReceiveData
 .text.USBH_BulkSendData
                0x00000000080085ca       0x4a Middlewares/ST/STM32_USB_Host_Library/Core/Src/usbh_ioreq.o
                0x00000000080085ca                USBH_BulkSendData
 .text.USBH_BulkReceiveData
                0x0000000008008614       0x3c Middlewares/ST/STM32_USB_Host_Library/Core/Src/usbh_ioreq.o
                0x0000000008008614                USBH_BulkReceiveData
 .text.USBH_OpenPipe
                0x0000000008008650       0x3e Middlewares/ST/STM32_USB_Host_Library/Core/Src/usbh_pipes.o
                0x0000000008008650                USBH_OpenPipe
 .text.USBH_ClosePipe
                0x000000000800868e       0x20 Middlewares/ST/STM32_USB_Host_Library/Core/Src/usbh_pipes.o
                0x000000000800868e                USBH_ClosePipe
 .text.USBH_AllocPipe
                0x00000000080086ae       0x42 Middlewares/ST/STM32_USB_Host_Library/Core/Src/usbh_pipes.o
                0x00000000080086ae                USBH_AllocPipe
 .text.USBH_FreePipe
                0x00000000080086f0       0x3c Middlewares/ST/STM32_USB_Host_Library/Core/Src/usbh_pipes.o
                0x00000000080086f0                USBH_FreePipe
 .text.USBH_GetFreePipe
                0x000000000800872c       0x48 Middlewares/ST/STM32_USB_Host_Library/Core/Src/usbh_pipes.o
 .text.MX_USB_HOST_Init
                0x0000000008008774       0x4c USB_HOST/App/usb_host.o
                0x0000000008008774                MX_USB_HOST_Init
 .text.MX_USB_HOST_Process
                0x00000000080087c0       0x14 USB_HOST/App/usb_host.o
                0x00000000080087c0                MX_USB_HOST_Process
 .text.USBH_UserProcess
                0x00000000080087d4       0x5c USB_HOST/App/usb_host.o
 .text.HAL_HCD_MspInit
                0x0000000008008830       0xc4 USB_HOST/Target/usbh_conf.o
                0x0000000008008830                HAL_HCD_MspInit
 .text.HAL_HCD_SOF_Callback
                0x00000000080088f4       0x1c USB_HOST/Target/usbh_conf.o
                0x00000000080088f4                HAL_HCD_SOF_Callback
 .text.HAL_HCD_Connect_Callback
                0x0000000008008910       0x1c USB_HOST/Target/usbh_conf.o
                0x0000000008008910                HAL_HCD_Connect_Callback
 .text.HAL_HCD_Disconnect_Callback
                0x000000000800892c       0x1c USB_HOST/Target/usbh_conf.o
                0x000000000800892c                HAL_HCD_Disconnect_Callback
 .text.HAL_HCD_HC_NotifyURBChange_Callback
                0x0000000008008948       0x1c USB_HOST/Target/usbh_conf.o
                0x0000000008008948                HAL_HCD_HC_NotifyURBChange_Callback
 .text.HAL_HCD_PortEnabled_Callback
                0x0000000008008964       0x1c USB_HOST/Target/usbh_conf.o
                0x0000000008008964                HAL_HCD_PortEnabled_Callback
 .text.HAL_HCD_PortDisabled_Callback
                0x0000000008008980       0x1c USB_HOST/Target/usbh_conf.o
                0x0000000008008980                HAL_HCD_PortDisabled_Callback
 .text.USBH_LL_Init
                0x000000000800899c       0x78 USB_HOST/Target/usbh_conf.o
                0x000000000800899c                USBH_LL_Init
 .text.USBH_LL_Start
                0x0000000008008a14       0x36 USB_HOST/Target/usbh_conf.o
                0x0000000008008a14                USBH_LL_Start
 .text.USBH_LL_Stop
                0x0000000008008a4a       0x36 USB_HOST/Target/usbh_conf.o
                0x0000000008008a4a                USBH_LL_Stop
 .text.USBH_LL_GetSpeed
                0x0000000008008a80       0x4e USB_HOST/Target/usbh_conf.o
                0x0000000008008a80                USBH_LL_GetSpeed
 .text.USBH_LL_ResetPort
                0x0000000008008ace       0x36 USB_HOST/Target/usbh_conf.o
                0x0000000008008ace                USBH_LL_ResetPort
 .text.USBH_LL_GetLastXferSize
                0x0000000008008b04       0x26 USB_HOST/Target/usbh_conf.o
                0x0000000008008b04                USBH_LL_GetLastXferSize
 .text.USBH_LL_OpenPipe
                0x0000000008008b2a       0x5e USB_HOST/Target/usbh_conf.o
                0x0000000008008b2a                USBH_LL_OpenPipe
 .text.USBH_LL_ClosePipe
                0x0000000008008b88       0x3e USB_HOST/Target/usbh_conf.o
                0x0000000008008b88                USBH_LL_ClosePipe
 .text.USBH_LL_SubmitURB
                0x0000000008008bc6       0x62 USB_HOST/Target/usbh_conf.o
                0x0000000008008bc6                USBH_LL_SubmitURB
 .text.USBH_LL_GetURBState
                0x0000000008008c28       0x26 USB_HOST/Target/usbh_conf.o
                0x0000000008008c28                USBH_LL_GetURBState
 .text.USBH_LL_DriverVBUS
                0x0000000008008c4e       0x2e USB_HOST/Target/usbh_conf.o
                0x0000000008008c4e                USBH_LL_DriverVBUS
 .text.USBH_LL_SetToggle
                0x0000000008008c7c       0x66 USB_HOST/Target/usbh_conf.o
                0x0000000008008c7c                USBH_LL_SetToggle
 .text.USBH_Delay
                0x0000000008008ce2       0x16 USB_HOST/Target/usbh_conf.o
                0x0000000008008ce2                USBH_Delay
 .text.USBH_Get_USB_Status
                0x0000000008008cf8       0x58 USB_HOST/Target/usbh_conf.o
                0x0000000008008cf8                USBH_Get_USB_Status
 .text.MX_DriverVbusFS
                0x0000000008008d50       0x38 USB_HOST/Target/usbh_platform.o
                0x0000000008008d50                MX_DriverVbusFS
 .text.__errno  0x0000000008008d88        0xc /Applications/STM32CubeIDE.app/Contents/Eclipse/plugins/com.st.stm32cube.ide.mcu.externaltools.gnu-tools-for-stm32.9-2020-q2-update.macos64_1.5.0.202011040924/tools/bin/../lib/gcc/arm-none-eabi/9.3.1/../../../../arm-none-eabi/lib/thumb/v7e-m+fp/hard/libc_nano.a(lib_a-errno.o)
                0x0000000008008d88                __errno
 .text.__libc_init_array
                0x0000000008008d94       0x48 /Applications/STM32CubeIDE.app/Contents/Eclipse/plugins/com.st.stm32cube.ide.mcu.externaltools.gnu-tools-for-stm32.9-2020-q2-update.macos64_1.5.0.202011040924/tools/bin/../lib/gcc/arm-none-eabi/9.3.1/../../../../arm-none-eabi/lib/thumb/v7e-m+fp/hard/libc_nano.a(lib_a-init.o)
                0x0000000008008d94                __libc_init_array
 .text.malloc   0x0000000008008ddc       0x10 /Applications/STM32CubeIDE.app/Contents/Eclipse/plugins/com.st.stm32cube.ide.mcu.externaltools.gnu-tools-for-stm32.9-2020-q2-update.macos64_1.5.0.202011040924/tools/bin/../lib/gcc/arm-none-eabi/9.3.1/../../../../arm-none-eabi/lib/thumb/v7e-m+fp/hard/libc_nano.a(lib_a-malloc.o)
                0x0000000008008ddc                malloc
 .text.free     0x0000000008008dec       0x10 /Applications/STM32CubeIDE.app/Contents/Eclipse/plugins/com.st.stm32cube.ide.mcu.externaltools.gnu-tools-for-stm32.9-2020-q2-update.macos64_1.5.0.202011040924/tools/bin/../lib/gcc/arm-none-eabi/9.3.1/../../../../arm-none-eabi/lib/thumb/v7e-m+fp/hard/libc_nano.a(lib_a-malloc.o)
                0x0000000008008dec                free
 .text.memset   0x0000000008008dfc       0x10 /Applications/STM32CubeIDE.app/Contents/Eclipse/plugins/com.st.stm32cube.ide.mcu.externaltools.gnu-tools-for-stm32.9-2020-q2-update.macos64_1.5.0.202011040924/tools/bin/../lib/gcc/arm-none-eabi/9.3.1/../../../../arm-none-eabi/lib/thumb/v7e-m+fp/hard/libc_nano.a(lib_a-memset.o)
                0x0000000008008dfc                memset
 .text._free_r  0x0000000008008e0c       0xa0 /Applications/STM32CubeIDE.app/Contents/Eclipse/plugins/com.st.stm32cube.ide.mcu.externaltools.gnu-tools-for-stm32.9-2020-q2-update.macos64_1.5.0.202011040924/tools/bin/../lib/gcc/arm-none-eabi/9.3.1/../../../../arm-none-eabi/lib/thumb/v7e-m+fp/hard/libc_nano.a(lib_a-nano-freer.o)
                0x0000000008008e0c                _free_r
 .text._malloc_r
                0x0000000008008eac       0xb4 /Applications/STM32CubeIDE.app/Contents/Eclipse/plugins/com.st.stm32cube.ide.mcu.externaltools.gnu-tools-for-stm32.9-2020-q2-update.macos64_1.5.0.202011040924/tools/bin/../lib/gcc/arm-none-eabi/9.3.1/../../../../arm-none-eabi/lib/thumb/v7e-m+fp/hard/libc_nano.a(lib_a-nano-mallocr.o)
                0x0000000008008eac                _malloc_r
 .text._sbrk_r  0x0000000008008f60       0x20 /Applications/STM32CubeIDE.app/Contents/Eclipse/plugins/com.st.stm32cube.ide.mcu.externaltools.gnu-tools-for-stm32.9-2020-q2-update.macos64_1.5.0.202011040924/tools/bin/../lib/gcc/arm-none-eabi/9.3.1/../../../../arm-none-eabi/lib/thumb/v7e-m+fp/hard/libc_nano.a(lib_a-sbrkr.o)
                0x0000000008008f60                _sbrk_r
 .text.__malloc_lock
                0x0000000008008f80        0xc /Applications/STM32CubeIDE.app/Contents/Eclipse/plugins/com.st.stm32cube.ide.mcu.externaltools.gnu-tools-for-stm32.9-2020-q2-update.macos64_1.5.0.202011040924/tools/bin/../lib/gcc/arm-none-eabi/9.3.1/../../../../arm-none-eabi/lib/thumb/v7e-m+fp/hard/libc_nano.a(lib_a-mlock.o)
                0x0000000008008f80                __malloc_lock
 .text.__malloc_unlock
                0x0000000008008f8c        0xc /Applications/STM32CubeIDE.app/Contents/Eclipse/plugins/com.st.stm32cube.ide.mcu.externaltools.gnu-tools-for-stm32.9-2020-q2-update.macos64_1.5.0.202011040924/tools/bin/../lib/gcc/arm-none-eabi/9.3.1/../../../../arm-none-eabi/lib/thumb/v7e-m+fp/hard/libc_nano.a(lib_a-mlock.o)
                0x0000000008008f8c                __malloc_unlock
 .text.__retarget_lock_acquire_recursive
                0x0000000008008f98        0x2 /Applications/STM32CubeIDE.app/Contents/Eclipse/plugins/com.st.stm32cube.ide.mcu.externaltools.gnu-tools-for-stm32.9-2020-q2-update.macos64_1.5.0.202011040924/tools/bin/../lib/gcc/arm-none-eabi/9.3.1/../../../../arm-none-eabi/lib/thumb/v7e-m+fp/hard/libc_nano.a(lib_a-lock.o)
                0x0000000008008f98                __retarget_lock_acquire_recursive
 .text.__retarget_lock_release_recursive
                0x0000000008008f9a        0x2 /Applications/STM32CubeIDE.app/Contents/Eclipse/plugins/com.st.stm32cube.ide.mcu.externaltools.gnu-tools-for-stm32.9-2020-q2-update.macos64_1.5.0.202011040924/tools/bin/../lib/gcc/arm-none-eabi/9.3.1/../../../../arm-none-eabi/lib/thumb/v7e-m+fp/hard/libc_nano.a(lib_a-lock.o)
                0x0000000008008f9a                __retarget_lock_release_recursive
 *(.glue_7)
 .glue_7        0x0000000008008f9c        0x0 linker stubs
 *(.glue_7t)
 .glue_7t       0x0000000008008f9c        0x0 linker stubs
 *(.eh_frame)
 .eh_frame      0x0000000008008f9c        0x0 /Applications/STM32CubeIDE.app/Contents/Eclipse/plugins/com.st.stm32cube.ide.mcu.externaltools.gnu-tools-for-stm32.9-2020-q2-update.macos64_1.5.0.202011040924/tools/bin/../lib/gcc/arm-none-eabi/9.3.1/thumb/v7e-m+fp/hard/crtbegin.o
 *(.init)
 .init          0x0000000008008f9c        0x4 /Applications/STM32CubeIDE.app/Contents/Eclipse/plugins/com.st.stm32cube.ide.mcu.externaltools.gnu-tools-for-stm32.9-2020-q2-update.macos64_1.5.0.202011040924/tools/bin/../lib/gcc/arm-none-eabi/9.3.1/thumb/v7e-m+fp/hard/crti.o
                0x0000000008008f9c                _init
 .init          0x0000000008008fa0        0x8 /Applications/STM32CubeIDE.app/Contents/Eclipse/plugins/com.st.stm32cube.ide.mcu.externaltools.gnu-tools-for-stm32.9-2020-q2-update.macos64_1.5.0.202011040924/tools/bin/../lib/gcc/arm-none-eabi/9.3.1/thumb/v7e-m+fp/hard/crtn.o
 *(.fini)
 .fini          0x0000000008008fa8        0x4 /Applications/STM32CubeIDE.app/Contents/Eclipse/plugins/com.st.stm32cube.ide.mcu.externaltools.gnu-tools-for-stm32.9-2020-q2-update.macos64_1.5.0.202011040924/tools/bin/../lib/gcc/arm-none-eabi/9.3.1/thumb/v7e-m+fp/hard/crti.o
                0x0000000008008fa8                _fini
 .fini          0x0000000008008fac        0x8 /Applications/STM32CubeIDE.app/Contents/Eclipse/plugins/com.st.stm32cube.ide.mcu.externaltools.gnu-tools-for-stm32.9-2020-q2-update.macos64_1.5.0.202011040924/tools/bin/../lib/gcc/arm-none-eabi/9.3.1/thumb/v7e-m+fp/hard/crtn.o
                0x0000000008008fb4                . = ALIGN (0x4)
                0x0000000008008fb4                _etext = .

.vfp11_veneer   0x0000000008008fb4        0x0
 .vfp11_veneer  0x0000000008008fb4        0x0 linker stubs

.v4_bx          0x0000000008008fb4        0x0
 .v4_bx         0x0000000008008fb4        0x0 linker stubs

.iplt           0x0000000008008fb4        0x0
 .iplt          0x0000000008008fb4        0x0 /Applications/STM32CubeIDE.app/Contents/Eclipse/plugins/com.st.stm32cube.ide.mcu.externaltools.gnu-tools-for-stm32.9-2020-q2-update.macos64_1.5.0.202011040924/tools/bin/../lib/gcc/arm-none-eabi/9.3.1/thumb/v7e-m+fp/hard/crtbegin.o

.rodata         0x0000000008008fb4       0x24
                0x0000000008008fb4                . = ALIGN (0x4)
 *(.rodata)
 .rodata        0x0000000008008fb4        0x4 Middlewares/ST/STM32_USB_Host_Library/Class/CDC/Src/usbh_cdc.o
 *(.rodata*)
 .rodata.AHBPrescTable
                0x0000000008008fb8       0x10 Core/Src/system_stm32f4xx.o
                0x0000000008008fb8                AHBPrescTable
 .rodata.APBPrescTable
                0x0000000008008fc8        0x8 Core/Src/system_stm32f4xx.o
                0x0000000008008fc8                APBPrescTable
 .rodata.flagBitshiftOffset.8397
                0x0000000008008fd0        0x8 Drivers/STM32F4xx_HAL_Driver/Src/stm32f4xx_hal_dma.o
                0x0000000008008fd8                . = ALIGN (0x4)

.ARM.extab      0x0000000008008fd8        0x0
                0x0000000008008fd8                . = ALIGN (0x4)
 *(.ARM.extab* .gnu.linkonce.armextab.*)
                0x0000000008008fd8                . = ALIGN (0x4)

.ARM            0x0000000008008fd8        0x8
                0x0000000008008fd8                . = ALIGN (0x4)
                0x0000000008008fd8                __exidx_start = .
 *(.ARM.exidx*)
 .ARM.exidx     0x0000000008008fd8        0x8 /Applications/STM32CubeIDE.app/Contents/Eclipse/plugins/com.st.stm32cube.ide.mcu.externaltools.gnu-tools-for-stm32.9-2020-q2-update.macos64_1.5.0.202011040924/tools/bin/../lib/gcc/arm-none-eabi/9.3.1/thumb/v7e-m+fp/hard/libgcc.a(_udivmoddi4.o)
                0x0000000008008fe0                __exidx_end = .
                0x0000000008008fe0                . = ALIGN (0x4)

.rel.dyn        0x0000000008008fe0        0x0
 .rel.iplt      0x0000000008008fe0        0x0 /Applications/STM32CubeIDE.app/Contents/Eclipse/plugins/com.st.stm32cube.ide.mcu.externaltools.gnu-tools-for-stm32.9-2020-q2-update.macos64_1.5.0.202011040924/tools/bin/../lib/gcc/arm-none-eabi/9.3.1/thumb/v7e-m+fp/hard/crtbegin.o

.preinit_array  0x0000000008008fe0        0x0
                0x0000000008008fe0                . = ALIGN (0x4)
                0x0000000008008fe0                PROVIDE (__preinit_array_start = .)
 *(.preinit_array*)
                0x0000000008008fe0                PROVIDE (__preinit_array_end = .)
                0x0000000008008fe0                . = ALIGN (0x4)

.init_array     0x0000000008008fe0        0x4
                0x0000000008008fe0                . = ALIGN (0x4)
                0x0000000008008fe0                PROVIDE (__init_array_start = .)
 *(SORT_BY_NAME(.init_array.*))
 *(.init_array*)
 .init_array    0x0000000008008fe0        0x4 /Applications/STM32CubeIDE.app/Contents/Eclipse/plugins/com.st.stm32cube.ide.mcu.externaltools.gnu-tools-for-stm32.9-2020-q2-update.macos64_1.5.0.202011040924/tools/bin/../lib/gcc/arm-none-eabi/9.3.1/thumb/v7e-m+fp/hard/crtbegin.o
                0x0000000008008fe4                PROVIDE (__init_array_end = .)
                0x0000000008008fe4                . = ALIGN (0x4)

.fini_array     0x0000000008008fe4        0x4
                0x0000000008008fe4                . = ALIGN (0x4)
                [!provide]                        PROVIDE (__fini_array_start = .)
 *(SORT_BY_NAME(.fini_array.*))
 *(.fini_array*)
 .fini_array    0x0000000008008fe4        0x4 /Applications/STM32CubeIDE.app/Contents/Eclipse/plugins/com.st.stm32cube.ide.mcu.externaltools.gnu-tools-for-stm32.9-2020-q2-update.macos64_1.5.0.202011040924/tools/bin/../lib/gcc/arm-none-eabi/9.3.1/thumb/v7e-m+fp/hard/crtbegin.o
                [!provide]                        PROVIDE (__fini_array_end = .)
                0x0000000008008fe8                . = ALIGN (0x4)
                0x0000000008008fe8                _sidata = LOADADDR (.data)

.data           0x0000000020000000       0x94 load address 0x0000000008008fe8
                0x0000000020000000                . = ALIGN (0x4)
                0x0000000020000000                _sdata = .
 *(.data)
 *(.data*)
 .data.valVolt  0x0000000020000000        0x4 Core/Src/main.o
                0x0000000020000000                valVolt
 .data.SystemCoreClock
                0x0000000020000004        0x4 Core/Src/system_stm32f4xx.o
                0x0000000020000004                SystemCoreClock
 .data.uwTickPrio
                0x0000000020000008        0x4 Drivers/STM32F4xx_HAL_Driver/Src/stm32f4xx_hal.o
                0x0000000020000008                uwTickPrio
 .data.uwTickFreq
                0x000000002000000c        0x1 Drivers/STM32F4xx_HAL_Driver/Src/stm32f4xx_hal.o
                0x000000002000000c                uwTickFreq
 *fill*         0x000000002000000d        0x3 
 .data.CDC_Class
                0x0000000020000010       0x20 Middlewares/ST/STM32_USB_Host_Library/Class/CDC/Src/usbh_cdc.o
                0x0000000020000010                CDC_Class
 .data._impure_ptr
                0x0000000020000030        0x4 /Applications/STM32CubeIDE.app/Contents/Eclipse/plugins/com.st.stm32cube.ide.mcu.externaltools.gnu-tools-for-stm32.9-2020-q2-update.macos64_1.5.0.202011040924/tools/bin/../lib/gcc/arm-none-eabi/9.3.1/../../../../arm-none-eabi/lib/thumb/v7e-m+fp/hard/libc_nano.a(lib_a-impure.o)
                0x0000000020000030                _impure_ptr
 .data.impure_data
                0x0000000020000034       0x60 /Applications/STM32CubeIDE.app/Contents/Eclipse/plugins/com.st.stm32cube.ide.mcu.externaltools.gnu-tools-for-stm32.9-2020-q2-update.macos64_1.5.0.202011040924/tools/bin/../lib/gcc/arm-none-eabi/9.3.1/../../../../arm-none-eabi/lib/thumb/v7e-m+fp/hard/libc_nano.a(lib_a-impure.o)
 *(.RamFunc)
 *(.RamFunc*)
                0x0000000020000094                . = ALIGN (0x4)
                0x0000000020000094                _edata = .

.igot.plt       0x0000000020000094        0x0 load address 0x000000000800907c
 .igot.plt      0x0000000020000094        0x0 /Applications/STM32CubeIDE.app/Contents/Eclipse/plugins/com.st.stm32cube.ide.mcu.externaltools.gnu-tools-for-stm32.9-2020-q2-update.macos64_1.5.0.202011040924/tools/bin/../lib/gcc/arm-none-eabi/9.3.1/thumb/v7e-m+fp/hard/crtbegin.o
                0x0000000020000094                . = ALIGN (0x4)

.bss            0x0000000020000094      0x7f0 load address 0x000000000800907c
                0x0000000020000094                _sbss = .
                0x0000000020000094                __bss_start__ = _sbss
 *(.bss)
 .bss           0x0000000020000094       0x1c /Applications/STM32CubeIDE.app/Contents/Eclipse/plugins/com.st.stm32cube.ide.mcu.externaltools.gnu-tools-for-stm32.9-2020-q2-update.macos64_1.5.0.202011040924/tools/bin/../lib/gcc/arm-none-eabi/9.3.1/thumb/v7e-m+fp/hard/crtbegin.o
 *(.bss*)
 .bss.__sbrk_heap_end
                0x00000000200000b0        0x4 Core/Src/sysmem.o
 .bss.tmpreg.8553
                0x00000000200000b4        0x4 Drivers/STM32F4xx_HAL_Driver/Src/stm32f4xx_ll_usb.o
 .bss.Appli_state
                0x00000000200000b8        0x1 USB_HOST/App/usb_host.o
                0x00000000200000b8                Appli_state
 *fill*         0x00000000200000b9        0x3 
 .bss.__malloc_free_list
                0x00000000200000bc        0x4 /Applications/STM32CubeIDE.app/Contents/Eclipse/plugins/com.st.stm32cube.ide.mcu.externaltools.gnu-tools-for-stm32.9-2020-q2-update.macos64_1.5.0.202011040924/tools/bin/../lib/gcc/arm-none-eabi/9.3.1/../../../../arm-none-eabi/lib/thumb/v7e-m+fp/hard/libc_nano.a(lib_a-nano-mallocr.o)
                0x00000000200000bc                __malloc_free_list
 .bss.__malloc_sbrk_start
                0x00000000200000c0        0x4 /Applications/STM32CubeIDE.app/Contents/Eclipse/plugins/com.st.stm32cube.ide.mcu.externaltools.gnu-tools-for-stm32.9-2020-q2-update.macos64_1.5.0.202011040924/tools/bin/../lib/gcc/arm-none-eabi/9.3.1/../../../../arm-none-eabi/lib/thumb/v7e-m+fp/hard/libc_nano.a(lib_a-nano-mallocr.o)
                0x00000000200000c0                __malloc_sbrk_start
 *(COMMON)
 COMMON         0x00000000200000c4      0x110 Core/Src/main.o
                0x00000000200000c4                hdma_usart2_rx
                0x0000000020000124                hi2c1
                0x0000000020000178                hdac
                0x000000002000018c                valByte
                0x0000000020000190                RxData
                0x0000000020000194                huart2
 COMMON         0x00000000200001d4        0x4 Drivers/STM32F4xx_HAL_Driver/Src/stm32f4xx_hal.o
                0x00000000200001d4                uwTick
 COMMON         0x00000000200001d8      0x3d8 USB_HOST/App/usb_host.o
                0x00000000200001d8                hUsbHostFS
 COMMON         0x00000000200005b0      0x2c4 USB_HOST/Target/usbh_conf.o
                0x00000000200005b0                hhcd_USB_OTG_FS
 COMMON         0x0000000020000874        0x4 /Applications/STM32CubeIDE.app/Contents/Eclipse/plugins/com.st.stm32cube.ide.mcu.externaltools.gnu-tools-for-stm32.9-2020-q2-update.macos64_1.5.0.202011040924/tools/bin/../lib/gcc/arm-none-eabi/9.3.1/../../../../arm-none-eabi/lib/thumb/v7e-m+fp/hard/libc_nano.a(lib_a-reent.o)
                0x0000000020000874                errno
 COMMON         0x0000000020000878        0x9 /Applications/STM32CubeIDE.app/Contents/Eclipse/plugins/com.st.stm32cube.ide.mcu.externaltools.gnu-tools-for-stm32.9-2020-q2-update.macos64_1.5.0.202011040924/tools/bin/../lib/gcc/arm-none-eabi/9.3.1/../../../../arm-none-eabi/lib/thumb/v7e-m+fp/hard/libc_nano.a(lib_a-lock.o)
                0x0000000020000878                __lock___atexit_recursive_mutex
                0x0000000020000879                __lock___arc4random_mutex
                0x000000002000087a                __lock___env_recursive_mutex
                0x000000002000087b                __lock___sinit_recursive_mutex
                0x000000002000087c                __lock___malloc_recursive_mutex
                0x000000002000087d                __lock___at_quick_exit_mutex
                0x000000002000087e                __lock___dd_hash_mutex
                0x000000002000087f                __lock___tz_mutex
                0x0000000020000880                __lock___sfp_recursive_mutex
                0x0000000020000884                . = ALIGN (0x4)
 *fill*         0x0000000020000881        0x3 
                0x0000000020000884                _ebss = .
                0x0000000020000884                __bss_end__ = _ebss

._user_heap_stack
                0x0000000020000884      0x604 load address 0x000000000800907c
                0x0000000020000888                . = ALIGN (0x8)
 *fill*         0x0000000020000884        0x4 
                [!provide]                        PROVIDE (end = .)
                0x0000000020000888                PROVIDE (_end = .)
                0x0000000020000a88                . = (. + _Min_Heap_Size)
 *fill*         0x0000000020000888      0x200 
                0x0000000020000e88                . = (. + _Min_Stack_Size)
 *fill*         0x0000000020000a88      0x400 
                0x0000000020000e88                . = ALIGN (0x8)

/DISCARD/
 libc.a(*)
 libm.a(*)
 libgcc.a(*)

.ARM.attributes
                0x0000000000000000       0x30
 *(.ARM.attributes)
 .ARM.attributes
                0x0000000000000000       0x1e /Applications/STM32CubeIDE.app/Contents/Eclipse/plugins/com.st.stm32cube.ide.mcu.externaltools.gnu-tools-for-stm32.9-2020-q2-update.macos64_1.5.0.202011040924/tools/bin/../lib/gcc/arm-none-eabi/9.3.1/thumb/v7e-m+fp/hard/crti.o
 .ARM.attributes
                0x000000000000001e       0x34 /Applications/STM32CubeIDE.app/Contents/Eclipse/plugins/com.st.stm32cube.ide.mcu.externaltools.gnu-tools-for-stm32.9-2020-q2-update.macos64_1.5.0.202011040924/tools/bin/../lib/gcc/arm-none-eabi/9.3.1/thumb/v7e-m+fp/hard/crtbegin.o
 .ARM.attributes
                0x0000000000000052       0x34 Core/Src/main.o
 .ARM.attributes
                0x0000000000000086       0x34 Core/Src/stm32f4xx_hal_msp.o
 .ARM.attributes
                0x00000000000000ba       0x34 Core/Src/stm32f4xx_it.o
 .ARM.attributes
                0x00000000000000ee       0x34 Core/Src/sysmem.o
 .ARM.attributes
                0x0000000000000122       0x34 Core/Src/system_stm32f4xx.o
 .ARM.attributes
                0x0000000000000156       0x21 Core/Startup/startup_stm32f407vgtx.o
 .ARM.attributes
                0x0000000000000177       0x34 Drivers/STM32F4xx_HAL_Driver/Src/stm32f4xx_hal.o
 .ARM.attributes
                0x00000000000001ab       0x34 Drivers/STM32F4xx_HAL_Driver/Src/stm32f4xx_hal_cortex.o
 .ARM.attributes
                0x00000000000001df       0x34 Drivers/STM32F4xx_HAL_Driver/Src/stm32f4xx_hal_dac.o
 .ARM.attributes
                0x0000000000000213       0x34 Drivers/STM32F4xx_HAL_Driver/Src/stm32f4xx_hal_dma.o
 .ARM.attributes
                0x0000000000000247       0x34 Drivers/STM32F4xx_HAL_Driver/Src/stm32f4xx_hal_gpio.o
 .ARM.attributes
                0x000000000000027b       0x34 Drivers/STM32F4xx_HAL_Driver/Src/stm32f4xx_hal_hcd.o
 .ARM.attributes
                0x00000000000002af       0x34 Drivers/STM32F4xx_HAL_Driver/Src/stm32f4xx_hal_i2c.o
 .ARM.attributes
                0x00000000000002e3       0x34 Drivers/STM32F4xx_HAL_Driver/Src/stm32f4xx_hal_rcc.o
 .ARM.attributes
                0x0000000000000317       0x34 Drivers/STM32F4xx_HAL_Driver/Src/stm32f4xx_hal_uart.o
 .ARM.attributes
                0x000000000000034b       0x34 Drivers/STM32F4xx_HAL_Driver/Src/stm32f4xx_ll_usb.o
 .ARM.attributes
                0x000000000000037f       0x34 Middlewares/ST/STM32_USB_Host_Library/Class/CDC/Src/usbh_cdc.o
 .ARM.attributes
                0x00000000000003b3       0x34 Middlewares/ST/STM32_USB_Host_Library/Core/Src/usbh_core.o
 .ARM.attributes
                0x00000000000003e7       0x34 Middlewares/ST/STM32_USB_Host_Library/Core/Src/usbh_ctlreq.o
 .ARM.attributes
                0x000000000000041b       0x34 Middlewares/ST/STM32_USB_Host_Library/Core/Src/usbh_ioreq.o
 .ARM.attributes
                0x000000000000044f       0x34 Middlewares/ST/STM32_USB_Host_Library/Core/Src/usbh_pipes.o
 .ARM.attributes
                0x0000000000000483       0x34 USB_HOST/App/usb_host.o
 .ARM.attributes
                0x00000000000004b7       0x34 USB_HOST/Target/usbh_conf.o
 .ARM.attributes
                0x00000000000004eb       0x34 USB_HOST/Target/usbh_platform.o
 .ARM.attributes
                0x000000000000051f       0x34 /Applications/STM32CubeIDE.app/Contents/Eclipse/plugins/com.st.stm32cube.ide.mcu.externaltools.gnu-tools-for-stm32.9-2020-q2-update.macos64_1.5.0.202011040924/tools/bin/../lib/gcc/arm-none-eabi/9.3.1/../../../../arm-none-eabi/lib/thumb/v7e-m+fp/hard/libc_nano.a(lib_a-errno.o)
 .ARM.attributes
                0x0000000000000553       0x32 /Applications/STM32CubeIDE.app/Contents/Eclipse/plugins/com.st.stm32cube.ide.mcu.externaltools.gnu-tools-for-stm32.9-2020-q2-update.macos64_1.5.0.202011040924/tools/bin/../lib/gcc/arm-none-eabi/9.3.1/../../../../arm-none-eabi/lib/thumb/v7e-m+fp/hard/libc_nano.a(lib_a-impure.o)
 .ARM.attributes
                0x0000000000000585       0x34 /Applications/STM32CubeIDE.app/Contents/Eclipse/plugins/com.st.stm32cube.ide.mcu.externaltools.gnu-tools-for-stm32.9-2020-q2-update.macos64_1.5.0.202011040924/tools/bin/../lib/gcc/arm-none-eabi/9.3.1/../../../../arm-none-eabi/lib/thumb/v7e-m+fp/hard/libc_nano.a(lib_a-init.o)
 .ARM.attributes
                0x00000000000005b9       0x34 /Applications/STM32CubeIDE.app/Contents/Eclipse/plugins/com.st.stm32cube.ide.mcu.externaltools.gnu-tools-for-stm32.9-2020-q2-update.macos64_1.5.0.202011040924/tools/bin/../lib/gcc/arm-none-eabi/9.3.1/../../../../arm-none-eabi/lib/thumb/v7e-m+fp/hard/libc_nano.a(lib_a-malloc.o)
 .ARM.attributes
                0x00000000000005ed       0x34 /Applications/STM32CubeIDE.app/Contents/Eclipse/plugins/com.st.stm32cube.ide.mcu.externaltools.gnu-tools-for-stm32.9-2020-q2-update.macos64_1.5.0.202011040924/tools/bin/../lib/gcc/arm-none-eabi/9.3.1/../../../../arm-none-eabi/lib/thumb/v7e-m+fp/hard/libc_nano.a(lib_a-memset.o)
 .ARM.attributes
                0x0000000000000621       0x34 /Applications/STM32CubeIDE.app/Contents/Eclipse/plugins/com.st.stm32cube.ide.mcu.externaltools.gnu-tools-for-stm32.9-2020-q2-update.macos64_1.5.0.202011040924/tools/bin/../lib/gcc/arm-none-eabi/9.3.1/../../../../arm-none-eabi/lib/thumb/v7e-m+fp/hard/libc_nano.a(lib_a-nano-freer.o)
 .ARM.attributes
                0x0000000000000655       0x34 /Applications/STM32CubeIDE.app/Contents/Eclipse/plugins/com.st.stm32cube.ide.mcu.externaltools.gnu-tools-for-stm32.9-2020-q2-update.macos64_1.5.0.202011040924/tools/bin/../lib/gcc/arm-none-eabi/9.3.1/../../../../arm-none-eabi/lib/thumb/v7e-m+fp/hard/libc_nano.a(lib_a-nano-mallocr.o)
 .ARM.attributes
                0x0000000000000689       0x34 /Applications/STM32CubeIDE.app/Contents/Eclipse/plugins/com.st.stm32cube.ide.mcu.externaltools.gnu-tools-for-stm32.9-2020-q2-update.macos64_1.5.0.202011040924/tools/bin/../lib/gcc/arm-none-eabi/9.3.1/../../../../arm-none-eabi/lib/thumb/v7e-m+fp/hard/libc_nano.a(lib_a-sbrkr.o)
 .ARM.attributes
                0x00000000000006bd       0x34 /Applications/STM32CubeIDE.app/Contents/Eclipse/plugins/com.st.stm32cube.ide.mcu.externaltools.gnu-tools-for-stm32.9-2020-q2-update.macos64_1.5.0.202011040924/tools/bin/../lib/gcc/arm-none-eabi/9.3.1/../../../../arm-none-eabi/lib/thumb/v7e-m+fp/hard/libc_nano.a(lib_a-mlock.o)
 .ARM.attributes
                0x00000000000006f1       0x34 /Applications/STM32CubeIDE.app/Contents/Eclipse/plugins/com.st.stm32cube.ide.mcu.externaltools.gnu-tools-for-stm32.9-2020-q2-update.macos64_1.5.0.202011040924/tools/bin/../lib/gcc/arm-none-eabi/9.3.1/../../../../arm-none-eabi/lib/thumb/v7e-m+fp/hard/libc_nano.a(lib_a-reent.o)
 .ARM.attributes
                0x0000000000000725       0x34 /Applications/STM32CubeIDE.app/Contents/Eclipse/plugins/com.st.stm32cube.ide.mcu.externaltools.gnu-tools-for-stm32.9-2020-q2-update.macos64_1.5.0.202011040924/tools/bin/../lib/gcc/arm-none-eabi/9.3.1/../../../../arm-none-eabi/lib/thumb/v7e-m+fp/hard/libc_nano.a(lib_a-lock.o)
 .ARM.attributes
                0x0000000000000759       0x1e /Applications/STM32CubeIDE.app/Contents/Eclipse/plugins/com.st.stm32cube.ide.mcu.externaltools.gnu-tools-for-stm32.9-2020-q2-update.macos64_1.5.0.202011040924/tools/bin/../lib/gcc/arm-none-eabi/9.3.1/thumb/v7e-m+fp/hard/libgcc.a(_arm_addsubdf3.o)
 .ARM.attributes
                0x0000000000000777       0x1e /Applications/STM32CubeIDE.app/Contents/Eclipse/plugins/com.st.stm32cube.ide.mcu.externaltools.gnu-tools-for-stm32.9-2020-q2-update.macos64_1.5.0.202011040924/tools/bin/../lib/gcc/arm-none-eabi/9.3.1/thumb/v7e-m+fp/hard/libgcc.a(_arm_muldivdf3.o)
 .ARM.attributes
                0x0000000000000795       0x1e /Applications/STM32CubeIDE.app/Contents/Eclipse/plugins/com.st.stm32cube.ide.mcu.externaltools.gnu-tools-for-stm32.9-2020-q2-update.macos64_1.5.0.202011040924/tools/bin/../lib/gcc/arm-none-eabi/9.3.1/thumb/v7e-m+fp/hard/libgcc.a(_arm_fixunsdfsi.o)
 .ARM.attributes
                0x00000000000007b3       0x1e /Applications/STM32CubeIDE.app/Contents/Eclipse/plugins/com.st.stm32cube.ide.mcu.externaltools.gnu-tools-for-stm32.9-2020-q2-update.macos64_1.5.0.202011040924/tools/bin/../lib/gcc/arm-none-eabi/9.3.1/thumb/v7e-m+fp/hard/libgcc.a(_arm_truncdfsf2.o)
 .ARM.attributes
                0x00000000000007d1       0x1e /Applications/STM32CubeIDE.app/Contents/Eclipse/plugins/com.st.stm32cube.ide.mcu.externaltools.gnu-tools-for-stm32.9-2020-q2-update.macos64_1.5.0.202011040924/tools/bin/../lib/gcc/arm-none-eabi/9.3.1/thumb/v7e-m+fp/hard/libgcc.a(_aeabi_uldivmod.o)
 .ARM.attributes
                0x00000000000007ef       0x34 /Applications/STM32CubeIDE.app/Contents/Eclipse/plugins/com.st.stm32cube.ide.mcu.externaltools.gnu-tools-for-stm32.9-2020-q2-update.macos64_1.5.0.202011040924/tools/bin/../lib/gcc/arm-none-eabi/9.3.1/thumb/v7e-m+fp/hard/libgcc.a(_udivmoddi4.o)
 .ARM.attributes
                0x0000000000000823       0x1e /Applications/STM32CubeIDE.app/Contents/Eclipse/plugins/com.st.stm32cube.ide.mcu.externaltools.gnu-tools-for-stm32.9-2020-q2-update.macos64_1.5.0.202011040924/tools/bin/../lib/gcc/arm-none-eabi/9.3.1/thumb/v7e-m+fp/hard/libgcc.a(_dvmd_tls.o)
 .ARM.attributes
                0x0000000000000841       0x1e /Applications/STM32CubeIDE.app/Contents/Eclipse/plugins/com.st.stm32cube.ide.mcu.externaltools.gnu-tools-for-stm32.9-2020-q2-update.macos64_1.5.0.202011040924/tools/bin/../lib/gcc/arm-none-eabi/9.3.1/thumb/v7e-m+fp/hard/crtn.o
OUTPUT(CV-Synth.elf elf32-littlearm)
LOAD linker stubs
LOAD /Applications/STM32CubeIDE.app/Contents/Eclipse/plugins/com.st.stm32cube.ide.mcu.externaltools.gnu-tools-for-stm32.9-2020-q2-update.macos64_1.5.0.202011040924/tools/bin/../lib/gcc/arm-none-eabi/9.3.1/../../../../arm-none-eabi/lib/thumb/v7e-m+fp/hard/libc.a
LOAD /Applications/STM32CubeIDE.app/Contents/Eclipse/plugins/com.st.stm32cube.ide.mcu.externaltools.gnu-tools-for-stm32.9-2020-q2-update.macos64_1.5.0.202011040924/tools/bin/../lib/gcc/arm-none-eabi/9.3.1/../../../../arm-none-eabi/lib/thumb/v7e-m+fp/hard/libm.a
LOAD /Applications/STM32CubeIDE.app/Contents/Eclipse/plugins/com.st.stm32cube.ide.mcu.externaltools.gnu-tools-for-stm32.9-2020-q2-update.macos64_1.5.0.202011040924/tools/bin/../lib/gcc/arm-none-eabi/9.3.1/thumb/v7e-m+fp/hard/libgcc.a

.debug_info     0x0000000000000000    0x19e9c
 .debug_info    0x0000000000000000     0x1ce6 Core/Src/main.o
 .debug_info    0x0000000000001ce6     0x118c Core/Src/stm32f4xx_hal_msp.o
 .debug_info    0x0000000000002e72      0xbc0 Core/Src/stm32f4xx_it.o
 .debug_info    0x0000000000003a32      0xa25 Core/Src/sysmem.o
 .debug_info    0x0000000000004457      0x5a4 Core/Src/system_stm32f4xx.o
 .debug_info    0x00000000000049fb       0x22 Core/Startup/startup_stm32f407vgtx.o
 .debug_info    0x0000000000004a1d      0x9b2 Drivers/STM32F4xx_HAL_Driver/Src/stm32f4xx_hal.o
 .debug_info    0x00000000000053cf      0xed7 Drivers/STM32F4xx_HAL_Driver/Src/stm32f4xx_hal_cortex.o
 .debug_info    0x00000000000062a6      0xad4 Drivers/STM32F4xx_HAL_Driver/Src/stm32f4xx_hal_dac.o
 .debug_info    0x0000000000006d7a      0x9f1 Drivers/STM32F4xx_HAL_Driver/Src/stm32f4xx_hal_dma.o
 .debug_info    0x000000000000776b      0x82e Drivers/STM32F4xx_HAL_Driver/Src/stm32f4xx_hal_gpio.o
 .debug_info    0x0000000000007f99      0xf3a Drivers/STM32F4xx_HAL_Driver/Src/stm32f4xx_hal_hcd.o
 .debug_info    0x0000000000008ed3     0x2633 Drivers/STM32F4xx_HAL_Driver/Src/stm32f4xx_hal_i2c.o
 .debug_info    0x000000000000b506      0x996 Drivers/STM32F4xx_HAL_Driver/Src/stm32f4xx_hal_rcc.o
 .debug_info    0x000000000000be9c     0x1357 Drivers/STM32F4xx_HAL_Driver/Src/stm32f4xx_hal_uart.o
 .debug_info    0x000000000000d1f3     0x1a62 Drivers/STM32F4xx_HAL_Driver/Src/stm32f4xx_ll_usb.o
 .debug_info    0x000000000000ec55     0x1c86 Middlewares/ST/STM32_USB_Host_Library/Class/CDC/Src/usbh_cdc.o
 .debug_info    0x00000000000108db     0x1815 Middlewares/ST/STM32_USB_Host_Library/Core/Src/usbh_core.o
 .debug_info    0x00000000000120f0     0x18e6 Middlewares/ST/STM32_USB_Host_Library/Core/Src/usbh_ctlreq.o
 .debug_info    0x00000000000139d6     0x162f Middlewares/ST/STM32_USB_Host_Library/Core/Src/usbh_ioreq.o
 .debug_info    0x0000000000015005     0x1457 Middlewares/ST/STM32_USB_Host_Library/Core/Src/usbh_pipes.o
 .debug_info    0x000000000001645c     0x13a0 USB_HOST/App/usb_host.o
 .debug_info    0x00000000000177fc     0x2405 USB_HOST/Target/usbh_conf.o
 .debug_info    0x0000000000019c01      0x29b USB_HOST/Target/usbh_platform.o

.debug_abbrev   0x0000000000000000     0x38f0
 .debug_abbrev  0x0000000000000000      0x2c0 Core/Src/main.o
 .debug_abbrev  0x00000000000002c0      0x1e2 Core/Src/stm32f4xx_hal_msp.o
 .debug_abbrev  0x00000000000004a2      0x1b4 Core/Src/stm32f4xx_it.o
 .debug_abbrev  0x0000000000000656      0x1bf Core/Src/sysmem.o
 .debug_abbrev  0x0000000000000815      0x145 Core/Src/system_stm32f4xx.o
 .debug_abbrev  0x000000000000095a       0x12 Core/Startup/startup_stm32f407vgtx.o
 .debug_abbrev  0x000000000000096c      0x1ed Drivers/STM32F4xx_HAL_Driver/Src/stm32f4xx_hal.o
 .debug_abbrev  0x0000000000000b59      0x33c Drivers/STM32F4xx_HAL_Driver/Src/stm32f4xx_hal_cortex.o
 .debug_abbrev  0x0000000000000e95      0x20c Drivers/STM32F4xx_HAL_Driver/Src/stm32f4xx_hal_dac.o
 .debug_abbrev  0x00000000000010a1      0x259 Drivers/STM32F4xx_HAL_Driver/Src/stm32f4xx_hal_dma.o
 .debug_abbrev  0x00000000000012fa      0x1f1 Drivers/STM32F4xx_HAL_Driver/Src/stm32f4xx_hal_gpio.o
 .debug_abbrev  0x00000000000014eb      0x28d Drivers/STM32F4xx_HAL_Driver/Src/stm32f4xx_hal_hcd.o
 .debug_abbrev  0x0000000000001778      0x282 Drivers/STM32F4xx_HAL_Driver/Src/stm32f4xx_hal_i2c.o
 .debug_abbrev  0x00000000000019fa      0x275 Drivers/STM32F4xx_HAL_Driver/Src/stm32f4xx_hal_rcc.o
 .debug_abbrev  0x0000000000001c6f      0x270 Drivers/STM32F4xx_HAL_Driver/Src/stm32f4xx_hal_uart.o
 .debug_abbrev  0x0000000000001edf      0x2a7 Drivers/STM32F4xx_HAL_Driver/Src/stm32f4xx_ll_usb.o
 .debug_abbrev  0x0000000000002186      0x352 Middlewares/ST/STM32_USB_Host_Library/Class/CDC/Src/usbh_cdc.o
 .debug_abbrev  0x00000000000024d8      0x3b4 Middlewares/ST/STM32_USB_Host_Library/Core/Src/usbh_core.o
 .debug_abbrev  0x000000000000288c      0x367 Middlewares/ST/STM32_USB_Host_Library/Core/Src/usbh_ctlreq.o
 .debug_abbrev  0x0000000000002bf3      0x2b5 Middlewares/ST/STM32_USB_Host_Library/Core/Src/usbh_ioreq.o
 .debug_abbrev  0x0000000000002ea8      0x2f3 Middlewares/ST/STM32_USB_Host_Library/Core/Src/usbh_pipes.o
 .debug_abbrev  0x000000000000319b      0x2a4 USB_HOST/App/usb_host.o
 .debug_abbrev  0x000000000000343f      0x397 USB_HOST/Target/usbh_conf.o
 .debug_abbrev  0x00000000000037d6      0x11a USB_HOST/Target/usbh_platform.o

.debug_aranges  0x0000000000000000     0x1098
 .debug_aranges
                0x0000000000000000       0x58 Core/Src/main.o
 .debug_aranges
                0x0000000000000058       0x50 Core/Src/stm32f4xx_hal_msp.o
 .debug_aranges
                0x00000000000000a8       0x78 Core/Src/stm32f4xx_it.o
 .debug_aranges
                0x0000000000000120       0x20 Core/Src/sysmem.o
 .debug_aranges
                0x0000000000000140       0x28 Core/Src/system_stm32f4xx.o
 .debug_aranges
                0x0000000000000168       0x28 Core/Startup/startup_stm32f407vgtx.o
 .debug_aranges
                0x0000000000000190       0xf0 Drivers/STM32F4xx_HAL_Driver/Src/stm32f4xx_hal.o
 .debug_aranges
                0x0000000000000280      0x118 Drivers/STM32F4xx_HAL_Driver/Src/stm32f4xx_hal_cortex.o
 .debug_aranges
                0x0000000000000398       0xc0 Drivers/STM32F4xx_HAL_Driver/Src/stm32f4xx_hal_dac.o
 .debug_aranges
                0x0000000000000458       0x90 Drivers/STM32F4xx_HAL_Driver/Src/stm32f4xx_hal_dma.o
 .debug_aranges
                0x00000000000004e8       0x58 Drivers/STM32F4xx_HAL_Driver/Src/stm32f4xx_hal_gpio.o
 .debug_aranges
                0x0000000000000540       0xf8 Drivers/STM32F4xx_HAL_Driver/Src/stm32f4xx_hal_hcd.o
 .debug_aranges
                0x0000000000000638      0x2a0 Drivers/STM32F4xx_HAL_Driver/Src/stm32f4xx_hal_i2c.o
 .debug_aranges
                0x00000000000008d8       0x88 Drivers/STM32F4xx_HAL_Driver/Src/stm32f4xx_hal_rcc.o
 .debug_aranges
                0x0000000000000960      0x1d0 Drivers/STM32F4xx_HAL_Driver/Src/stm32f4xx_hal_uart.o
 .debug_aranges
                0x0000000000000b30      0x198 Drivers/STM32F4xx_HAL_Driver/Src/stm32f4xx_ll_usb.o
 .debug_aranges
                0x0000000000000cc8       0xa8 Middlewares/ST/STM32_USB_Host_Library/Class/CDC/Src/usbh_cdc.o
 .debug_aranges
                0x0000000000000d70       0xc0 Middlewares/ST/STM32_USB_Host_Library/Core/Src/usbh_core.o
 .debug_aranges
                0x0000000000000e30       0xa0 Middlewares/ST/STM32_USB_Host_Library/Core/Src/usbh_ctlreq.o
 .debug_aranges
                0x0000000000000ed0       0x60 Middlewares/ST/STM32_USB_Host_Library/Core/Src/usbh_ioreq.o
 .debug_aranges
                0x0000000000000f30       0x40 Middlewares/ST/STM32_USB_Host_Library/Core/Src/usbh_pipes.o
 .debug_aranges
                0x0000000000000f70       0x30 USB_HOST/App/usb_host.o
 .debug_aranges
                0x0000000000000fa0       0xd8 USB_HOST/Target/usbh_conf.o
 .debug_aranges
                0x0000000000001078       0x20 USB_HOST/Target/usbh_platform.o

.debug_ranges   0x0000000000000000      0xf48
 .debug_ranges  0x0000000000000000       0x48 Core/Src/main.o
 .debug_ranges  0x0000000000000048       0x40 Core/Src/stm32f4xx_hal_msp.o
 .debug_ranges  0x0000000000000088       0x68 Core/Src/stm32f4xx_it.o
 .debug_ranges  0x00000000000000f0       0x10 Core/Src/sysmem.o
 .debug_ranges  0x0000000000000100       0x18 Core/Src/system_stm32f4xx.o
 .debug_ranges  0x0000000000000118       0x20 Core/Startup/startup_stm32f407vgtx.o
 .debug_ranges  0x0000000000000138       0xe0 Drivers/STM32F4xx_HAL_Driver/Src/stm32f4xx_hal.o
 .debug_ranges  0x0000000000000218      0x108 Drivers/STM32F4xx_HAL_Driver/Src/stm32f4xx_hal_cortex.o
 .debug_ranges  0x0000000000000320       0xb0 Drivers/STM32F4xx_HAL_Driver/Src/stm32f4xx_hal_dac.o
 .debug_ranges  0x00000000000003d0       0x80 Drivers/STM32F4xx_HAL_Driver/Src/stm32f4xx_hal_dma.o
 .debug_ranges  0x0000000000000450       0x48 Drivers/STM32F4xx_HAL_Driver/Src/stm32f4xx_hal_gpio.o
 .debug_ranges  0x0000000000000498       0xe8 Drivers/STM32F4xx_HAL_Driver/Src/stm32f4xx_hal_hcd.o
 .debug_ranges  0x0000000000000580      0x2b8 Drivers/STM32F4xx_HAL_Driver/Src/stm32f4xx_hal_i2c.o
 .debug_ranges  0x0000000000000838       0x78 Drivers/STM32F4xx_HAL_Driver/Src/stm32f4xx_hal_rcc.o
 .debug_ranges  0x00000000000008b0      0x1c0 Drivers/STM32F4xx_HAL_Driver/Src/stm32f4xx_hal_uart.o
 .debug_ranges  0x0000000000000a70      0x188 Drivers/STM32F4xx_HAL_Driver/Src/stm32f4xx_ll_usb.o
 .debug_ranges  0x0000000000000bf8       0x98 Middlewares/ST/STM32_USB_Host_Library/Class/CDC/Src/usbh_cdc.o
 .debug_ranges  0x0000000000000c90       0xb0 Middlewares/ST/STM32_USB_Host_Library/Core/Src/usbh_core.o
 .debug_ranges  0x0000000000000d40       0x90 Middlewares/ST/STM32_USB_Host_Library/Core/Src/usbh_ctlreq.o
 .debug_ranges  0x0000000000000dd0       0x50 Middlewares/ST/STM32_USB_Host_Library/Core/Src/usbh_ioreq.o
 .debug_ranges  0x0000000000000e20       0x30 Middlewares/ST/STM32_USB_Host_Library/Core/Src/usbh_pipes.o
 .debug_ranges  0x0000000000000e50       0x20 USB_HOST/App/usb_host.o
 .debug_ranges  0x0000000000000e70       0xc8 USB_HOST/Target/usbh_conf.o
 .debug_ranges  0x0000000000000f38       0x10 USB_HOST/Target/usbh_platform.o

.debug_macro    0x0000000000000000    0x23f99
 .debug_macro   0x0000000000000000      0x37e Core/Src/main.o
 .debug_macro   0x000000000000037e      0xaa8 Core/Src/main.o
 .debug_macro   0x0000000000000e26      0x2a0 Core/Src/main.o
 .debug_macro   0x00000000000010c6       0x2e Core/Src/main.o
 .debug_macro   0x00000000000010f4       0x2f Core/Src/main.o
 .debug_macro   0x0000000000001123       0x22 Core/Src/main.o
 .debug_macro   0x0000000000001145       0x8e Core/Src/main.o
 .debug_macro   0x00000000000011d3       0x51 Core/Src/main.o
 .debug_macro   0x0000000000001224      0x103 Core/Src/main.o
 .debug_macro   0x0000000000001327       0x6a Core/Src/main.o
 .debug_macro   0x0000000000001391      0x1df Core/Src/main.o
 .debug_macro   0x0000000000001570       0x1c Core/Src/main.o
 .debug_macro   0x000000000000158c       0x22 Core/Src/main.o
 .debug_macro   0x00000000000015ae       0xdf Core/Src/main.o
 .debug_macro   0x000000000000168d     0x102d Core/Src/main.o
 .debug_macro   0x00000000000026ba      0x11f Core/Src/main.o
 .debug_macro   0x00000000000027d9    0x15e3c Core/Src/main.o
 .debug_macro   0x0000000000018615       0x43 Core/Src/main.o
 .debug_macro   0x0000000000018658     0x3659 Core/Src/main.o
 .debug_macro   0x000000000001bcb1      0x174 Core/Src/main.o
 .debug_macro   0x000000000001be25       0x5a Core/Src/main.o
 .debug_macro   0x000000000001be7f      0x96b Core/Src/main.o
 .debug_macro   0x000000000001c7ea      0x9fe Core/Src/main.o
 .debug_macro   0x000000000001d1e8      0x117 Core/Src/main.o
 .debug_macro   0x000000000001d2ff      0x13e Core/Src/main.o
 .debug_macro   0x000000000001d43d       0x27 Core/Src/main.o
 .debug_macro   0x000000000001d464      0x174 Core/Src/main.o
 .debug_macro   0x000000000001d5d8      0x287 Core/Src/main.o
 .debug_macro   0x000000000001d85f       0x5f Core/Src/main.o
 .debug_macro   0x000000000001d8be      0x236 Core/Src/main.o
 .debug_macro   0x000000000001daf4       0xea Core/Src/main.o
 .debug_macro   0x000000000001dbde       0xa0 Core/Src/main.o
 .debug_macro   0x000000000001dc7e       0x3c Core/Src/main.o
 .debug_macro   0x000000000001dcba      0x12c Core/Src/main.o
 .debug_macro   0x000000000001dde6      0x21e Core/Src/main.o
 .debug_macro   0x000000000001e004       0x2e Core/Src/main.o
 .debug_macro   0x000000000001e032      0x1b5 Core/Src/main.o
 .debug_macro   0x000000000001e1e7       0xd6 Core/Src/main.o
 .debug_macro   0x000000000001e2bd      0x11a Core/Src/main.o
 .debug_macro   0x000000000001e3d7       0x7e Core/Src/main.o
 .debug_macro   0x000000000001e455       0x89 Core/Src/main.o
 .debug_macro   0x000000000001e4de      0x287 Core/Src/main.o
 .debug_macro   0x000000000001e765      0x21e Core/Src/main.o
 .debug_macro   0x000000000001e983       0x68 Core/Src/main.o
 .debug_macro   0x000000000001e9eb      0x12d Core/Src/main.o
 .debug_macro   0x000000000001eb18      0x178 Core/Src/main.o
 .debug_macro   0x000000000001ec90       0x52 Core/Src/main.o
 .debug_macro   0x000000000001ece2       0x18 Core/Src/main.o
 .debug_macro   0x000000000001ecfa       0x3c Core/Src/main.o
 .debug_macro   0x000000000001ed36       0x34 Core/Src/main.o
 .debug_macro   0x000000000001ed6a       0x16 Core/Src/main.o
 .debug_macro   0x000000000001ed80       0x35 Core/Src/main.o
 .debug_macro   0x000000000001edb5      0x333 Core/Src/main.o
 .debug_macro   0x000000000001f0e8       0x10 Core/Src/main.o
 .debug_macro   0x000000000001f0f8       0x16 Core/Src/main.o
 .debug_macro   0x000000000001f10e       0x43 Core/Src/main.o
 .debug_macro   0x000000000001f151       0x34 Core/Src/main.o
 .debug_macro   0x000000000001f185       0x10 Core/Src/main.o
 .debug_macro   0x000000000001f195       0x58 Core/Src/main.o
 .debug_macro   0x000000000001f1ed       0x71 Core/Src/main.o
 .debug_macro   0x000000000001f25e       0x1c Core/Src/main.o
 .debug_macro   0x000000000001f27a      0x12a Core/Src/main.o
 .debug_macro   0x000000000001f3a4       0x10 Core/Src/main.o
 .debug_macro   0x000000000001f3b4       0x1c Core/Src/main.o
 .debug_macro   0x000000000001f3d0       0x52 Core/Src/main.o
 .debug_macro   0x000000000001f422       0x22 Core/Src/main.o
 .debug_macro   0x000000000001f444       0x10 Core/Src/main.o
 .debug_macro   0x000000000001f454       0x40 Core/Src/main.o
 .debug_macro   0x000000000001f494       0xd5 Core/Src/main.o
 .debug_macro   0x000000000001f569       0x1c Core/Src/main.o
 .debug_macro   0x000000000001f585       0x3d Core/Src/main.o
 .debug_macro   0x000000000001f5c2       0x16 Core/Src/main.o
 .debug_macro   0x000000000001f5d8      0x145 Core/Src/main.o
 .debug_macro   0x000000000001f71d      0x215 Core/Src/stm32f4xx_hal_msp.o
 .debug_macro   0x000000000001f932      0x21f Core/Src/stm32f4xx_it.o
 .debug_macro   0x000000000001fb51       0xff Core/Src/sysmem.o
 .debug_macro   0x000000000001fc50      0x23b Core/Src/sysmem.o
 .debug_macro   0x000000000001fe8b      0x20c Core/Src/system_stm32f4xx.o
 .debug_macro   0x0000000000020097      0x266 Drivers/STM32F4xx_HAL_Driver/Src/stm32f4xx_hal.o
 .debug_macro   0x00000000000202fd      0x206 Drivers/STM32F4xx_HAL_Driver/Src/stm32f4xx_hal_cortex.o
 .debug_macro   0x0000000000020503      0x207 Drivers/STM32F4xx_HAL_Driver/Src/stm32f4xx_hal_dac.o
 .debug_macro   0x000000000002070a      0x20c Drivers/STM32F4xx_HAL_Driver/Src/stm32f4xx_hal_dma.o
 .debug_macro   0x0000000000020916      0x23c Drivers/STM32F4xx_HAL_Driver/Src/stm32f4xx_hal_gpio.o
 .debug_macro   0x0000000000020b52      0x206 Drivers/STM32F4xx_HAL_Driver/Src/stm32f4xx_hal_hcd.o
 .debug_macro   0x0000000000020d58      0x24d Drivers/STM32F4xx_HAL_Driver/Src/stm32f4xx_hal_i2c.o
 .debug_macro   0x0000000000020fa5      0x22a Drivers/STM32F4xx_HAL_Driver/Src/stm32f4xx_hal_rcc.o
 .debug_macro   0x00000000000211cf      0x207 Drivers/STM32F4xx_HAL_Driver/Src/stm32f4xx_hal_uart.o
 .debug_macro   0x00000000000213d6      0x206 Drivers/STM32F4xx_HAL_Driver/Src/stm32f4xx_ll_usb.o
 .debug_macro   0x00000000000215dc      0x434 Middlewares/ST/STM32_USB_Host_Library/Class/CDC/Src/usbh_cdc.o
 .debug_macro   0x0000000000021a10       0x97 Middlewares/ST/STM32_USB_Host_Library/Class/CDC/Src/usbh_cdc.o
 .debug_macro   0x0000000000021aa7       0xfd Middlewares/ST/STM32_USB_Host_Library/Class/CDC/Src/usbh_cdc.o
 .debug_macro   0x0000000000021ba4       0x16 Middlewares/ST/STM32_USB_Host_Library/Class/CDC/Src/usbh_cdc.o
 .debug_macro   0x0000000000021bba       0x20 Middlewares/ST/STM32_USB_Host_Library/Class/CDC/Src/usbh_cdc.o
 .debug_macro   0x0000000000021bda       0xd9 Middlewares/ST/STM32_USB_Host_Library/Class/CDC/Src/usbh_cdc.o
 .debug_macro   0x0000000000021cb3       0x54 Middlewares/ST/STM32_USB_Host_Library/Class/CDC/Src/usbh_cdc.o
 .debug_macro   0x0000000000021d07       0x73 Middlewares/ST/STM32_USB_Host_Library/Class/CDC/Src/usbh_cdc.o
 .debug_macro   0x0000000000021d7a      0x218 Middlewares/ST/STM32_USB_Host_Library/Class/CDC/Src/usbh_cdc.o
 .debug_macro   0x0000000000021f92       0x2e Middlewares/ST/STM32_USB_Host_Library/Class/CDC/Src/usbh_cdc.o